###############################################################################
#
# IAR ELF Linker V7.10.1.6676/W32 for ARM                 15/Mar/2017  15:51:50
# Copyright 2007-2014 IAR Systems AB.
#
#    Output file  =  
#        F:\2017---工作项目资料\PatientCart\IarDemo-F4XG\IarDemo-F4XG\IarDemoF4XG-User\OS3\IAR\Release\Exe\IarDemo-F4XG.out
#    Map file     =  
#        F:\2017---工作项目资料\PatientCart\IarDemo-F4XG\IarDemo-F4XG\IarDemoF4XG-User\OS3\IAR\Release\List\IarDemo-F4XG.map
#    Command line =  
#        F:\2017---工作项目资料\PatientCart\IarDemo-F4XG\IarDemo-F4XG\IarDemoF4XG-User\OS3\IAR\Release\Obj\app.o
#        F:\2017---工作项目资料\PatientCart\IarDemo-F4XG\IarDemo-F4XG\IarDemoF4XG-User\OS3\IAR\Release\Obj\app_serial.o
#        F:\2017---工作项目资料\PatientCart\IarDemo-F4XG\IarDemo-F4XG\IarDemoF4XG-User\OS3\IAR\Release\Obj\bsp.o
#        F:\2017---工作项目资料\PatientCart\IarDemo-F4XG\IarDemo-F4XG\IarDemoF4XG-User\OS3\IAR\Release\Obj\bsp_int.o
#        F:\2017---工作项目资料\PatientCart\IarDemo-F4XG\IarDemo-F4XG\IarDemoF4XG-User\OS3\IAR\Release\Obj\bsp_periph.o
#        F:\2017---工作项目资料\PatientCart\IarDemo-F4XG\IarDemo-F4XG\IarDemoF4XG-User\OS3\IAR\Release\Obj\cpu_a.o
#        F:\2017---工作项目资料\PatientCart\IarDemo-F4XG\IarDemo-F4XG\IarDemoF4XG-User\OS3\IAR\Release\Obj\cpu_bsp.o
#        F:\2017---工作项目资料\PatientCart\IarDemo-F4XG\IarDemo-F4XG\IarDemoF4XG-User\OS3\IAR\Release\Obj\cpu_c.o
#        F:\2017---工作项目资料\PatientCart\IarDemo-F4XG\IarDemo-F4XG\IarDemoF4XG-User\OS3\IAR\Release\Obj\cpu_core.o
#        F:\2017---工作项目资料\PatientCart\IarDemo-F4XG\IarDemo-F4XG\IarDemoF4XG-User\OS3\IAR\Release\Obj\cstartup.o
#        F:\2017---工作项目资料\PatientCart\IarDemo-F4XG\IarDemo-F4XG\IarDemoF4XG-User\OS3\IAR\Release\Obj\lib_ascii.o
#        F:\2017---工作项目资料\PatientCart\IarDemo-F4XG\IarDemo-F4XG\IarDemoF4XG-User\OS3\IAR\Release\Obj\lib_math.o
#        F:\2017---工作项目资料\PatientCart\IarDemo-F4XG\IarDemo-F4XG\IarDemoF4XG-User\OS3\IAR\Release\Obj\lib_mem.o
#        F:\2017---工作项目资料\PatientCart\IarDemo-F4XG\IarDemo-F4XG\IarDemoF4XG-User\OS3\IAR\Release\Obj\lib_mem_a.o
#        F:\2017---工作项目资料\PatientCart\IarDemo-F4XG\IarDemo-F4XG\IarDemoF4XG-User\OS3\IAR\Release\Obj\lib_str.o
#        F:\2017---工作项目资料\PatientCart\IarDemo-F4XG\IarDemo-F4XG\IarDemoF4XG-User\OS3\IAR\Release\Obj\os_app_hooks.o
#        F:\2017---工作项目资料\PatientCart\IarDemo-F4XG\IarDemo-F4XG\IarDemoF4XG-User\OS3\IAR\Release\Obj\os_cfg_app.o
#        F:\2017---工作项目资料\PatientCart\IarDemo-F4XG\IarDemo-F4XG\IarDemoF4XG-User\OS3\IAR\Release\Obj\os_core.o
#        F:\2017---工作项目资料\PatientCart\IarDemo-F4XG\IarDemo-F4XG\IarDemoF4XG-User\OS3\IAR\Release\Obj\os_cpu_a.o
#        F:\2017---工作项目资料\PatientCart\IarDemo-F4XG\IarDemo-F4XG\IarDemoF4XG-User\OS3\IAR\Release\Obj\os_cpu_c.o
#        F:\2017---工作项目资料\PatientCart\IarDemo-F4XG\IarDemo-F4XG\IarDemoF4XG-User\OS3\IAR\Release\Obj\os_dbg.o
#        F:\2017---工作项目资料\PatientCart\IarDemo-F4XG\IarDemo-F4XG\IarDemoF4XG-User\OS3\IAR\Release\Obj\os_flag.o
#        F:\2017---工作项目资料\PatientCart\IarDemo-F4XG\IarDemo-F4XG\IarDemoF4XG-User\OS3\IAR\Release\Obj\os_int.o
#        F:\2017---工作项目资料\PatientCart\IarDemo-F4XG\IarDemo-F4XG\IarDemoF4XG-User\OS3\IAR\Release\Obj\os_mem.o
#        F:\2017---工作项目资料\PatientCart\IarDemo-F4XG\IarDemo-F4XG\IarDemoF4XG-User\OS3\IAR\Release\Obj\os_msg.o
#        F:\2017---工作项目资料\PatientCart\IarDemo-F4XG\IarDemo-F4XG\IarDemoF4XG-User\OS3\IAR\Release\Obj\os_mutex.o
#        F:\2017---工作项目资料\PatientCart\IarDemo-F4XG\IarDemo-F4XG\IarDemoF4XG-User\OS3\IAR\Release\Obj\os_pend_multi.o
#        F:\2017---工作项目资料\PatientCart\IarDemo-F4XG\IarDemo-F4XG\IarDemoF4XG-User\OS3\IAR\Release\Obj\os_prio.o
#        F:\2017---工作项目资料\PatientCart\IarDemo-F4XG\IarDemo-F4XG\IarDemoF4XG-User\OS3\IAR\Release\Obj\os_q.o
#        F:\2017---工作项目资料\PatientCart\IarDemo-F4XG\IarDemo-F4XG\IarDemoF4XG-User\OS3\IAR\Release\Obj\os_sem.o
#        F:\2017---工作项目资料\PatientCart\IarDemo-F4XG\IarDemo-F4XG\IarDemoF4XG-User\OS3\IAR\Release\Obj\os_stat.o
#        F:\2017---工作项目资料\PatientCart\IarDemo-F4XG\IarDemo-F4XG\IarDemoF4XG-User\OS3\IAR\Release\Obj\os_task.o
#        F:\2017---工作项目资料\PatientCart\IarDemo-F4XG\IarDemo-F4XG\IarDemoF4XG-User\OS3\IAR\Release\Obj\os_tick.o
#        F:\2017---工作项目资料\PatientCart\IarDemo-F4XG\IarDemo-F4XG\IarDemoF4XG-User\OS3\IAR\Release\Obj\os_time.o
#        F:\2017---工作项目资料\PatientCart\IarDemo-F4XG\IarDemo-F4XG\IarDemoF4XG-User\OS3\IAR\Release\Obj\os_tmr.o
#        F:\2017---工作项目资料\PatientCart\IarDemo-F4XG\IarDemo-F4XG\IarDemoF4XG-User\OS3\IAR\Release\Obj\os_var.o
#        F:\2017---工作项目资料\PatientCart\IarDemo-F4XG\IarDemo-F4XG\IarDemoF4XG-User\OS3\IAR\Release\Obj\serial.o
#        F:\2017---工作项目资料\PatientCart\IarDemo-F4XG\IarDemo-F4XG\IarDemoF4XG-User\OS3\IAR\Release\Obj\serial_bsp_stm3240x.o
#        F:\2017---工作项目资料\PatientCart\IarDemo-F4XG\IarDemo-F4XG\IarDemoF4XG-User\OS3\IAR\Release\Obj\serial_buf.o
#        F:\2017---工作项目资料\PatientCart\IarDemo-F4XG\IarDemo-F4XG\IarDemoF4XG-User\OS3\IAR\Release\Obj\serial_drv_stm32.o
#        F:\2017---工作项目资料\PatientCart\IarDemo-F4XG\IarDemo-F4XG\IarDemoF4XG-User\OS3\IAR\Release\Obj\serial_line_dflt.o
#        F:\2017---工作项目资料\PatientCart\IarDemo-F4XG\IarDemo-F4XG\IarDemoF4XG-User\OS3\IAR\Release\Obj\serial_line_probe.o
#        F:\2017---工作项目资料\PatientCart\IarDemo-F4XG\IarDemo-F4XG\IarDemoF4XG-User\OS3\IAR\Release\Obj\serial_line_tty.o
#        F:\2017---工作项目资料\PatientCart\IarDemo-F4XG\IarDemo-F4XG\IarDemoF4XG-User\OS3\IAR\Release\Obj\serial_os.o
#        F:\2017---工作项目资料\PatientCart\IarDemo-F4XG\IarDemo-F4XG\IarDemoF4XG-User\OS3\IAR\Release\Obj\stm32f4xx_hal.o
#        F:\2017---工作项目资料\PatientCart\IarDemo-F4XG\IarDemo-F4XG\IarDemoF4XG-User\OS3\IAR\Release\Obj\stm32f4xx_hal_adc.o
#        F:\2017---工作项目资料\PatientCart\IarDemo-F4XG\IarDemo-F4XG\IarDemoF4XG-User\OS3\IAR\Release\Obj\stm32f4xx_hal_adc_ex.o
#        F:\2017---工作项目资料\PatientCart\IarDemo-F4XG\IarDemo-F4XG\IarDemoF4XG-User\OS3\IAR\Release\Obj\stm32f4xx_hal_can.o
#        F:\2017---工作项目资料\PatientCart\IarDemo-F4XG\IarDemo-F4XG\IarDemoF4XG-User\OS3\IAR\Release\Obj\stm32f4xx_hal_cec.o
#        F:\2017---工作项目资料\PatientCart\IarDemo-F4XG\IarDemo-F4XG\IarDemoF4XG-User\OS3\IAR\Release\Obj\stm32f4xx_hal_cortex.o
#        F:\2017---工作项目资料\PatientCart\IarDemo-F4XG\IarDemo-F4XG\IarDemoF4XG-User\OS3\IAR\Release\Obj\stm32f4xx_hal_crc.o
#        F:\2017---工作项目资料\PatientCart\IarDemo-F4XG\IarDemo-F4XG\IarDemoF4XG-User\OS3\IAR\Release\Obj\stm32f4xx_hal_cryp.o
#        F:\2017---工作项目资料\PatientCart\IarDemo-F4XG\IarDemo-F4XG\IarDemoF4XG-User\OS3\IAR\Release\Obj\stm32f4xx_hal_cryp_ex.o
#        F:\2017---工作项目资料\PatientCart\IarDemo-F4XG\IarDemo-F4XG\IarDemoF4XG-User\OS3\IAR\Release\Obj\stm32f4xx_hal_dac.o
#        F:\2017---工作项目资料\PatientCart\IarDemo-F4XG\IarDemo-F4XG\IarDemoF4XG-User\OS3\IAR\Release\Obj\stm32f4xx_hal_dac_ex.o
#        F:\2017---工作项目资料\PatientCart\IarDemo-F4XG\IarDemo-F4XG\IarDemoF4XG-User\OS3\IAR\Release\Obj\stm32f4xx_hal_dcmi.o
#        F:\2017---工作项目资料\PatientCart\IarDemo-F4XG\IarDemo-F4XG\IarDemoF4XG-User\OS3\IAR\Release\Obj\stm32f4xx_hal_dcmi_ex.o
#        F:\2017---工作项目资料\PatientCart\IarDemo-F4XG\IarDemo-F4XG\IarDemoF4XG-User\OS3\IAR\Release\Obj\stm32f4xx_hal_dma.o
#        F:\2017---工作项目资料\PatientCart\IarDemo-F4XG\IarDemo-F4XG\IarDemoF4XG-User\OS3\IAR\Release\Obj\stm32f4xx_hal_dma2d.o
#        F:\2017---工作项目资料\PatientCart\IarDemo-F4XG\IarDemo-F4XG\IarDemoF4XG-User\OS3\IAR\Release\Obj\stm32f4xx_hal_dma_ex.o
#        F:\2017---工作项目资料\PatientCart\IarDemo-F4XG\IarDemo-F4XG\IarDemoF4XG-User\OS3\IAR\Release\Obj\stm32f4xx_hal_eth.o
#        F:\2017---工作项目资料\PatientCart\IarDemo-F4XG\IarDemo-F4XG\IarDemoF4XG-User\OS3\IAR\Release\Obj\stm32f4xx_hal_flash.o
#        F:\2017---工作项目资料\PatientCart\IarDemo-F4XG\IarDemo-F4XG\IarDemoF4XG-User\OS3\IAR\Release\Obj\stm32f4xx_hal_flash_ex.o
#        F:\2017---工作项目资料\PatientCart\IarDemo-F4XG\IarDemo-F4XG\IarDemoF4XG-User\OS3\IAR\Release\Obj\stm32f4xx_hal_flash_ramfunc.o
#        F:\2017---工作项目资料\PatientCart\IarDemo-F4XG\IarDemo-F4XG\IarDemoF4XG-User\OS3\IAR\Release\Obj\stm32f4xx_hal_fmpi2c.o
#        F:\2017---工作项目资料\PatientCart\IarDemo-F4XG\IarDemo-F4XG\IarDemoF4XG-User\OS3\IAR\Release\Obj\stm32f4xx_hal_fmpi2c_ex.o
#        F:\2017---工作项目资料\PatientCart\IarDemo-F4XG\IarDemo-F4XG\IarDemoF4XG-User\OS3\IAR\Release\Obj\stm32f4xx_hal_gpio.o
#        F:\2017---工作项目资料\PatientCart\IarDemo-F4XG\IarDemo-F4XG\IarDemoF4XG-User\OS3\IAR\Release\Obj\stm32f4xx_hal_hash.o
#        F:\2017---工作项目资料\PatientCart\IarDemo-F4XG\IarDemo-F4XG\IarDemoF4XG-User\OS3\IAR\Release\Obj\stm32f4xx_hal_hash_ex.o
#        F:\2017---工作项目资料\PatientCart\IarDemo-F4XG\IarDemo-F4XG\IarDemoF4XG-User\OS3\IAR\Release\Obj\stm32f4xx_hal_hcd.o
#        F:\2017---工作项目资料\PatientCart\IarDemo-F4XG\IarDemo-F4XG\IarDemoF4XG-User\OS3\IAR\Release\Obj\stm32f4xx_hal_i2c.o
#        F:\2017---工作项目资料\PatientCart\IarDemo-F4XG\IarDemo-F4XG\IarDemoF4XG-User\OS3\IAR\Release\Obj\stm32f4xx_hal_i2c_ex.o
#        F:\2017---工作项目资料\PatientCart\IarDemo-F4XG\IarDemo-F4XG\IarDemoF4XG-User\OS3\IAR\Release\Obj\stm32f4xx_hal_i2s.o
#        F:\2017---工作项目资料\PatientCart\IarDemo-F4XG\IarDemo-F4XG\IarDemoF4XG-User\OS3\IAR\Release\Obj\stm32f4xx_hal_i2s_ex.o
#        F:\2017---工作项目资料\PatientCart\IarDemo-F4XG\IarDemo-F4XG\IarDemoF4XG-User\OS3\IAR\Release\Obj\stm32f4xx_hal_irda.o
#        F:\2017---工作项目资料\PatientCart\IarDemo-F4XG\IarDemo-F4XG\IarDemoF4XG-User\OS3\IAR\Release\Obj\stm32f4xx_hal_iwdg.o
#        F:\2017---工作项目资料\PatientCart\IarDemo-F4XG\IarDemo-F4XG\IarDemoF4XG-User\OS3\IAR\Release\Obj\stm32f4xx_hal_ltdc.o
#        F:\2017---工作项目资料\PatientCart\IarDemo-F4XG\IarDemo-F4XG\IarDemoF4XG-User\OS3\IAR\Release\Obj\stm32f4xx_hal_msp_template.o
#        F:\2017---工作项目资料\PatientCart\IarDemo-F4XG\IarDemo-F4XG\IarDemoF4XG-User\OS3\IAR\Release\Obj\stm32f4xx_hal_nand.o
#        F:\2017---工作项目资料\PatientCart\IarDemo-F4XG\IarDemo-F4XG\IarDemoF4XG-User\OS3\IAR\Release\Obj\stm32f4xx_hal_nor.o
#        F:\2017---工作项目资料\PatientCart\IarDemo-F4XG\IarDemo-F4XG\IarDemoF4XG-User\OS3\IAR\Release\Obj\stm32f4xx_hal_pccard.o
#        F:\2017---工作项目资料\PatientCart\IarDemo-F4XG\IarDemo-F4XG\IarDemoF4XG-User\OS3\IAR\Release\Obj\stm32f4xx_hal_pcd.o
#        F:\2017---工作项目资料\PatientCart\IarDemo-F4XG\IarDemo-F4XG\IarDemoF4XG-User\OS3\IAR\Release\Obj\stm32f4xx_hal_pcd_ex.o
#        F:\2017---工作项目资料\PatientCart\IarDemo-F4XG\IarDemo-F4XG\IarDemoF4XG-User\OS3\IAR\Release\Obj\stm32f4xx_hal_pwr.o
#        F:\2017---工作项目资料\PatientCart\IarDemo-F4XG\IarDemo-F4XG\IarDemoF4XG-User\OS3\IAR\Release\Obj\stm32f4xx_hal_pwr_ex.o
#        F:\2017---工作项目资料\PatientCart\IarDemo-F4XG\IarDemo-F4XG\IarDemoF4XG-User\OS3\IAR\Release\Obj\stm32f4xx_hal_qspi.o
#        F:\2017---工作项目资料\PatientCart\IarDemo-F4XG\IarDemo-F4XG\IarDemoF4XG-User\OS3\IAR\Release\Obj\stm32f4xx_hal_rcc.o
#        F:\2017---工作项目资料\PatientCart\IarDemo-F4XG\IarDemo-F4XG\IarDemoF4XG-User\OS3\IAR\Release\Obj\stm32f4xx_hal_rcc_ex.o
#        F:\2017---工作项目资料\PatientCart\IarDemo-F4XG\IarDemo-F4XG\IarDemoF4XG-User\OS3\IAR\Release\Obj\stm32f4xx_hal_rng.o
#        F:\2017---工作项目资料\PatientCart\IarDemo-F4XG\IarDemo-F4XG\IarDemoF4XG-User\OS3\IAR\Release\Obj\stm32f4xx_hal_rtc.o
#        F:\2017---工作项目资料\PatientCart\IarDemo-F4XG\IarDemo-F4XG\IarDemoF4XG-User\OS3\IAR\Release\Obj\stm32f4xx_hal_rtc_ex.o
#        F:\2017---工作项目资料\PatientCart\IarDemo-F4XG\IarDemo-F4XG\IarDemoF4XG-User\OS3\IAR\Release\Obj\stm32f4xx_hal_sai.o
#        F:\2017---工作项目资料\PatientCart\IarDemo-F4XG\IarDemo-F4XG\IarDemoF4XG-User\OS3\IAR\Release\Obj\stm32f4xx_hal_sai_ex.o
#        F:\2017---工作项目资料\PatientCart\IarDemo-F4XG\IarDemo-F4XG\IarDemoF4XG-User\OS3\IAR\Release\Obj\stm32f4xx_hal_sd.o
#        F:\2017---工作项目资料\PatientCart\IarDemo-F4XG\IarDemo-F4XG\IarDemoF4XG-User\OS3\IAR\Release\Obj\stm32f4xx_hal_sdram.o
#        F:\2017---工作项目资料\PatientCart\IarDemo-F4XG\IarDemo-F4XG\IarDemoF4XG-User\OS3\IAR\Release\Obj\stm32f4xx_hal_smartcard.o
#        F:\2017---工作项目资料\PatientCart\IarDemo-F4XG\IarDemo-F4XG\IarDemoF4XG-User\OS3\IAR\Release\Obj\stm32f4xx_hal_spdifrx.o
#        F:\2017---工作项目资料\PatientCart\IarDemo-F4XG\IarDemo-F4XG\IarDemoF4XG-User\OS3\IAR\Release\Obj\stm32f4xx_hal_spi.o
#        F:\2017---工作项目资料\PatientCart\IarDemo-F4XG\IarDemo-F4XG\IarDemoF4XG-User\OS3\IAR\Release\Obj\stm32f4xx_hal_sram.o
#        F:\2017---工作项目资料\PatientCart\IarDemo-F4XG\IarDemo-F4XG\IarDemoF4XG-User\OS3\IAR\Release\Obj\stm32f4xx_hal_tim.o
#        F:\2017---工作项目资料\PatientCart\IarDemo-F4XG\IarDemo-F4XG\IarDemoF4XG-User\OS3\IAR\Release\Obj\stm32f4xx_hal_tim_ex.o
#        F:\2017---工作项目资料\PatientCart\IarDemo-F4XG\IarDemo-F4XG\IarDemoF4XG-User\OS3\IAR\Release\Obj\stm32f4xx_hal_uart.o
#        F:\2017---工作项目资料\PatientCart\IarDemo-F4XG\IarDemo-F4XG\IarDemoF4XG-User\OS3\IAR\Release\Obj\stm32f4xx_hal_usart.o
#        F:\2017---工作项目资料\PatientCart\IarDemo-F4XG\IarDemo-F4XG\IarDemoF4XG-User\OS3\IAR\Release\Obj\stm32f4xx_hal_wwdg.o
#        F:\2017---工作项目资料\PatientCart\IarDemo-F4XG\IarDemo-F4XG\IarDemoF4XG-User\OS3\IAR\Release\Obj\stm32f4xx_ll_fmc.o
#        F:\2017---工作项目资料\PatientCart\IarDemo-F4XG\IarDemo-F4XG\IarDemoF4XG-User\OS3\IAR\Release\Obj\stm32f4xx_ll_fsmc.o
#        F:\2017---工作项目资料\PatientCart\IarDemo-F4XG\IarDemo-F4XG\IarDemoF4XG-User\OS3\IAR\Release\Obj\stm32f4xx_ll_sdmmc.o
#        F:\2017---工作项目资料\PatientCart\IarDemo-F4XG\IarDemo-F4XG\IarDemoF4XG-User\OS3\IAR\Release\Obj\stm32f4xx_ll_usb.o
#        F:\2017---工作项目资料\PatientCart\IarDemo-F4XG\IarDemo-F4XG\IarDemoF4XG-User\OS3\IAR\Release\Obj\system_stm32f4xx.o
#        -o
#        F:\2017---工作项目资料\PatientCart\IarDemo-F4XG\IarDemo-F4XG\IarDemoF4XG-User\OS3\IAR\Release\Exe\IarDemo-F4XG.out
#        --map
#        F:\2017---工作项目资料\PatientCart\IarDemo-F4XG\IarDemo-F4XG\IarDemoF4XG-User\OS3\IAR\Release\List\IarDemo-F4XG.map
#        --config
#        F:\2016---工作项目资料\Mars项目组\Mars项目资料\IarDemo-F4XG\IarDemo-F4XG\IarDemoF4XG-User\BSP\IAR\STM32F4xx_FLASH.icf
#        --entry __iar_program_start --inline --vfe
#
###############################################################################

*******************************************************************************
*** RUNTIME MODEL ATTRIBUTES
***

CppFlavor       = *
__SystemLibrary = DLib


*******************************************************************************
*** PLACEMENT SUMMARY
***

"A1":  place at 0x08000000 { ro section .intvec };
"P1":  place in [from 0x08000200 to 0x080fffff] { ro };
"P2":  place in [from 0x20000000 to 0x2001ffff] { rw, block CSTACK, block HEAP };

  Section            Kind        Address    Size  Object
  -------            ----        -------    ----  ------
"A1":                                      0x188
  .intvec            const    0x08000000   0x188  cstartup.o [1]
                            - 0x08000188   0x188

"P1":                                     0x9558
  .text              ro code  0x08000200   0xd86  xprintffull_nomb.o [3]
  .text              ro code  0x08000f86    0x2e  copy_init3.o [5]
  .text              ro code  0x08000fb4    0x16  strchr.o [5]
  .text              ro code  0x08000fca    0x22  zero_init3.o [5]
  .text              ro code  0x08000fec    0x36  strlen.o [5]
  .text              ro code  0x08001022     0xa  xsprout.o [3]
  .text              ro code  0x0800102c    0x58  memchr.o [5]
  .text              ro code  0x08001084    0xee  I64DivMod.o [5]
  .rodata            const    0x08001172     0x2  os_cfg_app.o [1]
  .text              ro code  0x08001174    0x76  ABImemcpy_unaligned.o [5]
  .text              ro code  0x080011ea    0x42  xdnorm.o [4]
  .text              ro code  0x0800122c    0x2e  DblCmpLe.o [4]
  .rodata            const    0x0800125a     0x2  os_dbg.o [1]
  .text              ro code  0x0800125c    0x2e  DblCmpGe.o [4]
  .rodata            const    0x0800128a     0x2  os_dbg.o [1]
  .text              ro code  0x0800128c   0x114  xdscale.o [4]
  .text              ro code  0x080013a0    0x58  DblToI32.o [4]
  .text              ro code  0x080013f8    0x30  I32ToDbl.o [4]
  .text              ro code  0x08001428   0x180  DblSub.o [4]
  .text              ro code  0x080015a8   0x1a2  DblMul.o [4]
  .rodata            const    0x0800174a     0x2  os_dbg.o [1]
  .text              ro code  0x0800174c   0x246  DblDiv.o [4]
  .text              ro code  0x08001992     0xe  div.o [3]
  .text              ro code  0x080019a0     0x2  I64DivZer.o [5]
  .rodata            const    0x080019a2     0x2  os_dbg.o [1]
  .text              ro code  0x080019a4    0xd4  DblAdd.o [4]
  .text              ro code  0x08001a78   0xcd8  serial.o [1]
  .text              ro code  0x08002750   0x12c  serial_os.o [1]
  .text              ro code  0x0800287c   0x4f8  lib_mem.o [1]
  .text              ro code  0x08002d74   0x23c  cpu_core.o [1]
  .text              ro code  0x08002fb0   0x172  lib_str.o [1]
  .text              ro code  0x08003122   0x17e  serial_buf.o [1]
  .text              ro code  0x080032a0   0x4e2  os_sem.o [1]
  .rodata            const    0x08003782     0x2  os_dbg.o [1]
  .text              ro code  0x08003784    0x44  cpu_bsp.o [1]
  .text              ro code  0x080037c8   0xbbc  os_core.o [1]
  .text              ro code  0x08004384   0x2c0  bsp.o [1]
  .text              ro code  0x08004644   0x380  os_cpu_c.o [1]
  .text              ro code  0x080049c4    0xa0  os_prio.o [1]
  .text              ro code  0x08004a64   0x592  os_flag.o [1]
  .rodata            const    0x08004ff6     0x2  os_dbg.o [1]
  .text              ro code  0x08004ff8    0x1c  os_mem.o [1]
  .text              ro code  0x08005014   0x210  os_msg.o [1]
  .text              ro code  0x08005224   0x412  os_mutex.o [1]
  .rodata            const    0x08005636     0x2  os_dbg.o [1]
  .text              ro code  0x08005638   0x346  os_q.o [1]
  .rodata            const    0x0800597e     0x2  os_dbg.o [1]
  .text              ro code  0x08005980   0x948  os_task.o [1]
  .text              ro code  0x080062c8   0x4c8  os_tick.o [1]
  .text              ro code  0x08006790   0x5c4  os_stat.o [1]
  .text              ro code  0x08006d54   0x22c  os_tmr.o [1]
  .text              ro code  0x08006f80   0x22c  os_dbg.o [1]
  .text              ro code  0x080071ac    0xb8  os_cfg_app.o [1]
  CODE               ro code  0x08007264   0x118  os_cpu_a.o [1]
  .text              ro code  0x0800737c   0x3d6  bsp_int.o [1]
  .rodata            const    0x08007752     0x2  os_dbg.o [1]
  .text              ro code  0x08007754   0x7a8  stm32f4xx_hal_rcc.o [1]
  .text              ro code  0x08007efc    0x54  stm32f4xx_hal.o [1]
  .text              ro code  0x08007f50    0x34  stm32f4xx_hal_cortex.o [1]
  .text              ro code  0x08007f84   0x268  bsp_periph.o [1]
  .text              ro code  0x080081ec   0x24c  stm32f4xx_hal_gpio.o [1]
  .text              ro code  0x08008438   0x1ec  os_time.o [1]
  .text              ro code  0x08008624   0x14c  cpu_c.o [1]
  .text              ro code  0x08008770   0x394  app.o [1]
  .text              ro code  0x08008b04    0x30  lib_math.o [1]
  .text              ro code  0x08008b34    0x96  os_app_hooks.o [1]
  .rodata            const    0x08008bca     0x2  os_dbg.o [1]
  .text              ro code  0x08008bcc    0xd8  app_serial.o [1]
  .text              ro code  0x08008ca4    0x2c  vsprintf.o [3]
  .text              ro code  0x08008cd0   0x2fa  serial_drv_stm32.o [1]
  .rodata            const    0x08008fca     0x2  os_dbg.o [1]
  .text              ro code  0x08008fcc   0x146  serial_line_tty.o [1]
  .rodata            const    0x08009112     0x2  os_dbg.o [1]
  .text              ro code  0x08009114    0xc0  serial_bsp_stm3240x.o [1]
  .text              ro code  0x080091d4    0x6c  system_stm32f4xx.o [1]
  .text              ro code  0x08009240    0x6a  serial_line_dflt.o [1]
  .rodata            const    0x080092aa     0x2  os_dbg.o [1]
  .text              ro code  0x080092ac    0x40  cstartup.o [1]
  .text              ro code  0x080092ec     0xc  cstartup_M.o [5]
  .text              ro code  0x080092f8    0x1a  fpinit_M.o [4]
  .rodata            const    0x08009312     0x2  os_dbg.o [1]
  .text              ro code  0x08009314    0x1a  cmain.o [5]
  .rodata            const    0x0800932e     0x2  os_dbg.o [1]
  .text              ro code  0x08009330    0x28  data_init.o [5]
  .text              ro code  0x08009358     0x4  exit.o [3]
  .text              ro code  0x0800935c     0xa  cexit.o [5]
  .rodata            const    0x08009366     0x2  os_dbg.o [1]
  .text              ro code  0x08009368     0xc  XXexit.o [5]
  .rodata            const    0x08009374    0x30  os_dbg.o [1]
  .rodata            const    0x080093a4    0x30  os_dbg.o [1]
  .rodata            const    0x080093d4    0x30  os_dbg.o [1]
  .rodata            const    0x08009404    0x28  os_dbg.o [1]
  .rodata            const    0x0800942c    0x28  os_dbg.o [1]
  .rodata            const    0x08009454    0x28  serial_drv_stm32.o [1]
  .rodata            const    0x0800947c    0x24  app.o [1]
  .rodata            const    0x080094a0    0x24  lib_mem.o [1]
  .iar.init_table    const    0x080094c4    0x24  - Linker created -
  .rodata            const    0x080094e8    0x20  os_dbg.o [1]
  .rodata            const    0x08009508    0x18  app.o [1]
  .rodata            const    0x08009520    0x18  app.o [1]
  .rodata            const    0x08009538    0x18  os_tmr.o [1]
  .rodata            const    0x08009550    0x14  lib_mem.o [1]
  .rodata            const    0x08009564    0x14  os_core.o [1]
  .rodata            const    0x08009578    0x14  os_stat.o [1]
  .rodata            const    0x0800958c    0x14  os_tick.o [1]
  .rodata            const    0x080095a0    0x14  serial_bsp_stm3240x.o [1]
  .rodata            const    0x080095b4    0x10  app.o [1]
  .rodata            const    0x080095c4    0x10  app.o [1]
  .rodata            const    0x080095d4    0x10  app.o [1]
  .rodata            const    0x080095e4    0x10  os_tmr.o [1]
  .rodata            const    0x080095f4    0x10  serial_line_dflt.o [1]
  .rodata            const    0x08009604    0x10  serial_line_tty.o [1]
  .rodata            const    0x08009614    0x10  stm32f4xx_hal_rcc.o [1]
  .rodata            const    0x08009624     0xc  app.o [1]
  .rodata            const    0x08009630     0xc  app.o [1]
  .rodata            const    0x0800963c     0xc  app.o [1]
  .rodata            const    0x08009648     0xc  app.o [1]
  .rodata            const    0x08009654     0xc  app.o [1]
  .rodata            const    0x08009660     0xc  app.o [1]
  .rodata            const    0x0800966c     0xc  os_core.o [1]
  .rodata            const    0x08009678     0x8  app_serial.o [1]
  .rodata            const    0x08009680     0x8  lib_mem.o [1]
  .rodata            const    0x08009688     0x8  os_core.o [1]
  .rodata            const    0x08009690     0x8  os_sem.o [1]
  .rodata            const    0x08009698     0x8  os_task.o [1]
  .rodata            const    0x080096a0     0x4  os_cfg_app.o [1]
  .rodata            const    0x080096a4     0x4  os_cfg_app.o [1]
  .rodata            const    0x080096a8     0x4  os_cfg_app.o [1]
  .rodata            const    0x080096ac     0x4  os_cfg_app.o [1]
  .rodata            const    0x080096b0     0x4  os_cfg_app.o [1]
  .rodata            const    0x080096b4     0x4  os_cfg_app.o [1]
  .rodata            const    0x080096b8     0x4  os_cfg_app.o [1]
  .rodata            const    0x080096bc     0x4  os_cfg_app.o [1]
  .rodata            const    0x080096c0     0x4  os_cfg_app.o [1]
  .rodata            const    0x080096c4     0x4  os_cfg_app.o [1]
  .rodata            const    0x080096c8     0x4  os_cfg_app.o [1]
  .rodata            const    0x080096cc     0x4  os_cfg_app.o [1]
  .rodata            const    0x080096d0     0x4  os_cfg_app.o [1]
  .rodata            const    0x080096d4     0x4  os_cfg_app.o [1]
  .rodata            const    0x080096d8     0x4  os_cfg_app.o [1]
  .rodata            const    0x080096dc     0x4  os_cfg_app.o [1]
  .rodata            const    0x080096e0     0x4  os_cfg_app.o [1]
  .rodata            const    0x080096e4     0x4  os_cfg_app.o [1]
  .rodata            const    0x080096e8     0x4  os_cfg_app.o [1]
  .rodata            const    0x080096ec     0x4  os_cfg_app.o [1]
  .rodata            const    0x080096f0     0x4  os_cfg_app.o [1]
  .rodata            const    0x080096f4     0x4  os_cfg_app.o [1]
  .rodata            const    0x080096f8     0x4  os_cfg_app.o [1]
  .rodata            const    0x080096fc     0x4  os_cfg_app.o [1]
  .rodata            const    0x08009700     0x4  os_cfg_app.o [1]
  .rodata            const    0x08009704     0x4  os_cfg_app.o [1]
  .rodata            const    0x08009708     0x4  os_dbg.o [1]
  .rodata            const    0x0800970c     0x4  os_dbg.o [1]
  .rodata            const    0x08009710     0x4  os_dbg.o [1]
  .rodata            const    0x08009714     0x2  os_dbg.o [1]
  .rodata            const    0x08009716     0x2  os_dbg.o [1]
  .rodata            const    0x08009718     0x2  os_dbg.o [1]
  .rodata            const    0x0800971a     0x2  os_dbg.o [1]
  .rodata            const    0x0800971c     0x2  os_dbg.o [1]
  .rodata            const    0x0800971e     0x1  os_cfg_app.o [1]
  .rodata            const    0x0800971f     0x1  os_cfg_app.o [1]
  .rodata            const    0x08009720     0x1  os_cfg_app.o [1]
  .rodata            const    0x08009721     0x1  os_dbg.o [1]
  .rodata            const    0x08009722     0x1  os_dbg.o [1]
  .rodata            const    0x08009723     0x1  os_dbg.o [1]
  .rodata            const    0x08009724     0x1  os_dbg.o [1]
  .rodata            const    0x08009725     0x1  os_dbg.o [1]
  .rodata            const    0x08009726     0x1  os_dbg.o [1]
  .rodata            const    0x08009727     0x1  os_dbg.o [1]
  .rodata            const    0x08009728     0x1  os_dbg.o [1]
  .rodata            const    0x08009729     0x1  os_dbg.o [1]
  .rodata            const    0x0800972a     0x1  os_dbg.o [1]
  .rodata            const    0x0800972b     0x1  os_dbg.o [1]
  .rodata            const    0x0800972c     0x1  os_dbg.o [1]
  .rodata            const    0x0800972d     0x1  os_dbg.o [1]
  .rodata            const    0x0800972e     0x1  os_dbg.o [1]
  .rodata            const    0x0800972f     0x1  os_dbg.o [1]
  .rodata            const    0x08009730     0x1  os_dbg.o [1]
  .rodata            const    0x08009731     0x1  os_dbg.o [1]
  .rodata            const    0x08009732     0x1  os_dbg.o [1]
  .rodata            const    0x08009733     0x1  os_dbg.o [1]
  .rodata            const    0x08009734     0x1  os_dbg.o [1]
  .rodata            const    0x08009735     0x1  os_dbg.o [1]
  .rodata            const    0x08009736     0x1  os_dbg.o [1]
  .rodata            const    0x08009737     0x1  os_dbg.o [1]
  .rodata            const    0x08009738     0x1  os_dbg.o [1]
  .rodata            const    0x08009739     0x1  os_dbg.o [1]
  .rodata            const    0x0800973a     0x1  os_dbg.o [1]
  .rodata            const    0x0800973b     0x1  os_dbg.o [1]
  .rodata            const    0x0800973c     0x1  os_dbg.o [1]
  .rodata            const    0x0800973d     0x1  os_dbg.o [1]
  .rodata            const    0x0800973e     0x1  os_dbg.o [1]
  .rodata            const    0x0800973f     0x1  os_dbg.o [1]
  .rodata            const    0x08009740     0x1  os_dbg.o [1]
  .rodata            const    0x08009741     0x1  os_dbg.o [1]
  .rodata            const    0x08009742     0x1  os_dbg.o [1]
  .rodata            const    0x08009743     0x1  os_dbg.o [1]
  .rodata            const    0x08009744     0x1  os_dbg.o [1]
  .rodata            const    0x08009745     0x1  os_dbg.o [1]
  .rodata            const    0x08009746     0x1  os_dbg.o [1]
  .rodata            const    0x08009747     0x1  os_dbg.o [1]
  .rodata            const    0x08009748     0x0  zero_init3.o [5]
  .rodata            const    0x08009748     0x0  copy_init3.o [5]
  Initializer bytes  ro data  0x08009748    0x10  <for P2 s0>
                            - 0x08009758  0x9558

"P2", part 1 of 3:                          0x10
  P2 s0                       0x20000000    0x10  <Init block>
    .data            inited   0x20000000     0xc  serial_bsp_stm3240x.o [1]
    .data            inited   0x2000000c     0x4  system_stm32f4xx.o [1]
                            - 0x20000010    0x10

"P2", part 2 of 3:                        0x3c98
  .bss               zero     0x20000010   0x800  app.o [1]
  .bss               zero     0x20000810   0x800  app.o [1]
  .bss               zero     0x20001010   0x640  os_cfg_app.o [1]
  .bss               zero     0x20001650   0x400  app.o [1]
  .bss               zero     0x20001a50   0x400  app.o [1]
  .bss               zero     0x20001e50   0x400  app.o [1]
  .bss               zero     0x20002250   0x400  lib_mem.o [1]
  .bss               zero     0x20002650   0x200  os_cfg_app.o [1]
  .bss               zero     0x20002850   0x200  os_cfg_app.o [1]
  .bss               zero     0x20002a50   0x200  os_cfg_app.o [1]
  .bss               zero     0x20002c50   0x190  os_cfg_app.o [1]
  .bss               zero     0x20002de0   0x190  os_cfg_app.o [1]
  .bss               zero     0x20002f70   0x180  os_var.o [1]
  .bss               zero     0x200030f0   0x180  serial.o [1]
  .bss               zero     0x20003270   0x148  bsp_int.o [1]
  .bss               zero     0x200033b8    0xc0  app.o [1]
  .bss               zero     0x20003478    0xc0  app.o [1]
  .bss               zero     0x20003538    0xc0  app.o [1]
  .bss               zero     0x200035f8    0xc0  app.o [1]
  .bss               zero     0x200036b8    0xc0  app.o [1]
  .bss               zero     0x20003778    0xc0  os_var.o [1]
  .bss               zero     0x20003838    0xc0  os_var.o [1]
  .bss               zero     0x200038f8    0xc0  os_var.o [1]
  .bss               zero     0x200039b8    0xc0  os_var.o [1]
  .bss               zero     0x20003a78    0x30  app.o [1]
  .bss               zero     0x20003aa8    0x30  app.o [1]
  .bss               zero     0x20003ad8    0x30  os_var.o [1]
  .bss               zero     0x20003b08    0x28  app.o [1]
  .bss               zero     0x20003b30    0x28  app.o [1]
  .bss               zero     0x20003b58    0x28  app.o [1]
  .bss               zero     0x20003b80    0x18  serial_os.o [1]
  .bss               zero     0x20003b98    0x14  lib_mem.o [1]
  .bss               zero     0x20003bac    0x10  cpu_core.o [1]
  .bss               zero     0x20003bbc     0xc  os_var.o [1]
  .bss               zero     0x20003bc8     0x8  os_var.o [1]
  .bss               zero     0x20003bd0     0x8  os_var.o [1]
  .bss               zero     0x20003bd8     0x4  cpu_core.o [1]
  .bss               zero     0x20003bdc     0x4  cpu_core.o [1]
  .bss               zero     0x20003be0     0x4  cpu_core.o [1]
  .bss               zero     0x20003be4     0x4  cpu_core.o [1]
  .bss               zero     0x20003be8     0x4  cpu_core.o [1]
  .bss               zero     0x20003bec     0x4  cpu_core.o [1]
  .bss               zero     0x20003bf0     0x4  lib_math.o [1]
  .bss               zero     0x20003bf4     0x4  lib_mem.o [1]
  .bss               zero     0x20003bf8     0x4  os_cpu_c.o [1]
  .bss               zero     0x20003bfc     0x4  os_prio.o [1]
  .bss               zero     0x20003c00     0x4  os_var.o [1]
  .bss               zero     0x20003c04     0x4  os_var.o [1]
  .bss               zero     0x20003c08     0x4  os_var.o [1]
  .bss               zero     0x20003c0c     0x4  os_var.o [1]
  .bss               zero     0x20003c10     0x4  os_var.o [1]
  .bss               zero     0x20003c14     0x4  os_var.o [1]
  .bss               zero     0x20003c18     0x4  os_var.o [1]
  .bss               zero     0x20003c1c     0x4  os_var.o [1]
  .bss               zero     0x20003c20     0x4  os_var.o [1]
  .bss               zero     0x20003c24     0x4  os_var.o [1]
  .bss               zero     0x20003c28     0x4  os_var.o [1]
  .bss               zero     0x20003c2c     0x4  os_var.o [1]
  .bss               zero     0x20003c30     0x4  os_var.o [1]
  .bss               zero     0x20003c34     0x4  os_var.o [1]
  .bss               zero     0x20003c38     0x4  os_var.o [1]
  .bss               zero     0x20003c3c     0x4  os_var.o [1]
  .bss               zero     0x20003c40     0x4  os_var.o [1]
  .bss               zero     0x20003c44     0x4  os_var.o [1]
  .bss               zero     0x20003c48     0x4  os_var.o [1]
  .bss               zero     0x20003c4c     0x4  os_var.o [1]
  .bss               zero     0x20003c50     0x4  os_var.o [1]
  .bss               zero     0x20003c54     0x4  os_var.o [1]
  .bss               zero     0x20003c58     0x4  os_var.o [1]
  .bss               zero     0x20003c5c     0x4  os_var.o [1]
  .bss               zero     0x20003c60     0x4  os_var.o [1]
  .bss               zero     0x20003c64     0x4  os_var.o [1]
  .bss               zero     0x20003c68     0x4  os_var.o [1]
  .bss               zero     0x20003c6c     0x4  os_var.o [1]
  .bss               zero     0x20003c70     0x4  os_var.o [1]
  .bss               zero     0x20003c74     0x4  os_var.o [1]
  .bss               zero     0x20003c78     0x4  serial_bsp_stm3240x.o [1]
  .bss               zero     0x20003c7c     0x4  serial_line_tty.o [1]
  .bss               zero     0x20003c80     0x4  stm32f4xx_hal.o [1]
  .bss               zero     0x20003c84     0x2  cpu_core.o [1]
  .bss               zero     0x20003c86     0x2  cpu_core.o [1]
  .bss               zero     0x20003c88     0x2  os_var.o [1]
  .bss               zero     0x20003c8a     0x2  os_var.o [1]
  .bss               zero     0x20003c8c     0x2  os_var.o [1]
  .bss               zero     0x20003c8e     0x2  os_var.o [1]
  .bss               zero     0x20003c90     0x2  os_var.o [1]
  .bss               zero     0x20003c92     0x2  os_var.o [1]
  .bss               zero     0x20003c94     0x2  os_var.o [1]
  .bss               zero     0x20003c96     0x2  os_var.o [1]
  .bss               zero     0x20003c98     0x2  os_var.o [1]
  .bss               zero     0x20003c9a     0x1  app_serial.o [1]
  .bss               zero     0x20003c9b     0x1  os_var.o [1]
  .bss               zero     0x20003c9c     0x1  os_var.o [1]
  .bss               zero     0x20003c9d     0x1  os_var.o [1]
  .bss               zero     0x20003c9e     0x1  os_var.o [1]
  .bss               zero     0x20003c9f     0x1  os_var.o [1]
  .bss               zero     0x20003ca0     0x1  os_var.o [1]
  .bss               zero     0x20003ca1     0x1  os_var.o [1]
  .bss               zero     0x20003ca2     0x1  os_var.o [1]
  .bss               zero     0x20003ca3     0x1  os_var.o [1]
  .bss               zero     0x20003ca4     0x1  serial.o [1]
                            - 0x20003ca5  0x3c95

"P2", part 3 of 3:                         0x200
  CSTACK                      0x20003ca8   0x200  <Block>
    CSTACK           uninit   0x20003ca8   0x200  <Block tail>
                            - 0x20003ea8   0x200


*******************************************************************************
*** INIT TABLE
***

          Address     Size
          -------     ----
Zero (__iar_zero_init3)
    1 destination range, total size 0x3c95:
          0x20000010  0x3c95

Copy (__iar_copy_init3)
    1 source range, total size 0x10:
          0x08009748    0x10
    1 destination range, total size 0x10:
          0x20000000    0x10



*******************************************************************************
*** MODULE SUMMARY
***

    Module                  ro code  ro data  rw data
    ------                  -------  -------  -------
F:\2017---工作项目资料\PatientCart\IarDemo-F4XG\IarDemo-F4XG\IarDemoF4XG-User\OS3\IAR\Release\Obj: [1]
    app.o                       916      204    8 344
    app_serial.o                216        8        1
    bsp.o                       704
    bsp_int.o                   982               328
    bsp_periph.o                616
    cpu_bsp.o                    68
    cpu_c.o                     332
    cpu_core.o                  572                44
    cstartup.o                   64      392
    lib_math.o                   48                 4
    lib_mem.o                 1 272       64    1 048
    lib_str.o                   370
    os_app_hooks.o              150
    os_cfg_app.o                184      109    3 936
    os_core.o                 3 004       40
    os_cpu_a.o                  280
    os_cpu_c.o                  896                 4
    os_dbg.o                    556      349
    os_flag.o                 1 426
    os_mem.o                     28
    os_msg.o                    528
    os_mutex.o                1 042
    os_prio.o                   160                 4
    os_q.o                      838
    os_sem.o                  1 250        8
    os_stat.o                 1 476       20
    os_task.o                 2 376        8
    os_tick.o                 1 224       20
    os_time.o                   492
    os_tmr.o                    556       40
    os_var.o                                    1 375
    serial.o                  3 288               385
    serial_bsp_stm3240x.o       192       32       16
    serial_buf.o                382
    serial_drv_stm32.o          762       40
    serial_line_dflt.o          106       16
    serial_line_tty.o           326       16        4
    serial_os.o                 300                24
    stm32f4xx_hal.o              84                 4
    stm32f4xx_hal_cortex.o       52
    stm32f4xx_hal_gpio.o        588
    stm32f4xx_hal_rcc.o       1 960       16
    system_stm32f4xx.o          108        4        4
    -------------------------------------------------
    Total:                   30 774    1 386   15 525

command line: [2]
    -------------------------------------------------
    Total:

dl7M_tln.a: [3]
    div.o                        14
    exit.o                        4
    vsprintf.o                   44
    xprintffull_nomb.o        3 462
    xsprout.o                    10
    -------------------------------------------------
    Total:                    3 534

m7M_tlv.a: [4]
    DblAdd.o                    212
    DblCmpGe.o                   46
    DblCmpLe.o                   46
    DblDiv.o                    582
    DblMul.o                    418
    DblSub.o                    384
    DblToI32.o                   88
    I32ToDbl.o                   48
    fpinit_M.o                   26
    xdnorm.o                     66
    xdscale.o                   276
    -------------------------------------------------
    Total:                    2 192

rt7M_tl.a: [5]
    ABImemcpy_unaligned.o       118
    I64DivMod.o                 238
    I64DivZer.o                   2
    XXexit.o                     12
    cexit.o                      10
    cmain.o                      26
    copy_init3.o                 46
    cstartup_M.o                 12
    data_init.o                  40
    memchr.o                     88
    strchr.o                     22
    strlen.o                     54
    zero_init3.o                 34
    -------------------------------------------------
    Total:                      702

    Linker created                        36      512
-----------------------------------------------------
    Grand Total:             37 202    1 422   16 037


*******************************************************************************
*** ENTRY LIST
***

Entry                      Address   Size  Type      Object
-----                      -------   ----  ----      ------
?main                   0x08009315         Code  Gb  cmain.o [5]
APBAHBPrescTable        0x08009614   0x10  Data  Gb  stm32f4xx_hal_rcc.o [1]
AppObjCreate            0x080088fd   0x3e  Code  Lc  app.o [1]
AppTaskCreate           0x08008819   0xe4  Code  Lc  app.o [1]
AppTaskEq0Fp            0x08008a25   0x42  Code  Lc  app.o [1]
AppTaskEq0FpStk         0x20000010  0x800  Data  Lc  app.o [1]
AppTaskEq0FpTCB         0x200035f8   0xc0  Data  Lc  app.o [1]
AppTaskEq1Fp            0x08008a69   0x24  Code  Lc  app.o [1]
AppTaskEq1FpStk         0x20000810  0x800  Data  Lc  app.o [1]
AppTaskEq1FpTCB         0x200036b8   0xc0  Data  Lc  app.o [1]
AppTaskObj0             0x0800893d   0x70  Code  Lc  app.o [1]
AppTaskObj0Stk          0x20001a50  0x400  Data  Lc  app.o [1]
AppTaskObj0TCB          0x20003478   0xc0  Data  Lc  app.o [1]
AppTaskObj1             0x080089ad   0x78  Code  Lc  app.o [1]
AppTaskObj1Stk          0x20001e50  0x400  Data  Lc  app.o [1]
AppTaskObj1TCB          0x20003538   0xc0  Data  Lc  app.o [1]
AppTaskObjFlag          0x20003b58   0x28  Data  Lc  app.o [1]
AppTaskObjMutex         0x20003a78   0x30  Data  Lc  app.o [1]
AppTaskObjQ             0x20003aa8   0x30  Data  Lc  app.o [1]
AppTaskObjSem           0x20003b30   0x28  Data  Lc  app.o [1]
AppTaskStart            0x080087d9   0x40  Code  Lc  app.o [1]
AppTaskStartStk         0x20001650  0x400  Data  Lc  app.o [1]
AppTaskStartTCB         0x200033b8   0xc0  Data  Lc  app.o [1]
AppTraceSem             0x20003b08   0x28  Data  Lc  app.o [1]
App_BusFault_ISR        0x080092e5    0x2  Code  Lc  cstartup.o [1]
App_Fault_ISR           0x080092e3    0x2  Code  Lc  cstartup.o [1]
App_MemFault_ISR        0x080092e9    0x2  Code  Lc  cstartup.o [1]
App_NMI_ISR             0x080092e1    0x2  Code  Lc  cstartup.o [1]
App_OS_IdleTaskHook     0x08008bbd    0x2  Code  Gb  os_app_hooks.o [1]
App_OS_SetAllHooks      0x08008b35   0x52  Code  Gb  os_app_hooks.o [1]
App_OS_StatTaskHook     0x08008bc1    0x2  Code  Gb  os_app_hooks.o [1]
App_OS_TaskCreateHook   0x08008ba5    0x8  Code  Gb  os_app_hooks.o [1]
App_OS_TaskDelHook      0x08008bad    0x8  Code  Gb  os_app_hooks.o [1]
App_OS_TaskReturnHook   0x08008bb5    0x8  Code  Gb  os_app_hooks.o [1]
App_OS_TaskSwHook       0x08008bc5    0x2  Code  Gb  os_app_hooks.o [1]
App_OS_TimeTickHook     0x08008bc9    0x2  Code  Gb  os_app_hooks.o [1]
App_Reset_ISR           0x080092ad   0x2c  Code  Lc  cstartup.o [1]
App_SerPrintf           0x08008c59   0x38  Code  Gb  app_serial.o [1]
App_SerTraceIF_Nbr      0x20003c9a    0x1  Data  Lc  app_serial.o [1]
App_SerialInit          0x08008bcd   0x8c  Code  Gb  app_serial.o [1]
App_Spurious_ISR        0x080092eb    0x2  Code  Lc  cstartup.o [1]
App_UsageFault_ISR      0x080092e7    0x2  Code  Lc  cstartup.o [1]
BSP_CPU_ClkFreq         0x0800442b    0xc  Code  Gb  bsp.o [1]
BSP_GPIO_Init           0x0800446b   0xe0  Code  Lc  bsp.o [1]
BSP_Init                0x08004385   0xa6  Code  Gb  bsp.o [1]
BSP_IntDisAll           0x0800737d    0x8  Code  Gb  bsp_int.o [1]
BSP_IntEn               0x08007385   0x14  Code  Gb  bsp_int.o [1]
BSP_IntHandler          0x08007711   0x38  Code  Lc  bsp_int.o [1]
BSP_IntHandlerADC       0x08007491    0xa  Code  Gb  bsp_int.o [1]
BSP_IntHandlerCAN1_RX0  0x080074a5    0xa  Code  Gb  bsp_int.o [1]
BSP_IntHandlerCAN1_RX1  0x080074af    0xa  Code  Gb  bsp_int.o [1]
BSP_IntHandlerCAN1_SCE  0x080074b9    0xa  Code  Gb  bsp_int.o [1]
BSP_IntHandlerCAN1_TX   0x0800749b    0xa  Code  Gb  bsp_int.o [1]
BSP_IntHandlerCAN2_RX0  0x0800765d    0xa  Code  Gb  bsp_int.o [1]
BSP_IntHandlerCAN2_RX1  0x08007667    0xa  Code  Gb  bsp_int.o [1]
BSP_IntHandlerCAN2_SCE  0x08007671    0xa  Code  Gb  bsp_int.o [1]
BSP_IntHandlerCAN2_TX   0x08007653    0xa  Code  Gb  bsp_int.o [1]
BSP_IntHandlerCRYP      0x080076f3    0xa  Code  Gb  bsp_int.o [1]
BSP_IntHandlerDCMI      0x080076e9    0xa  Code  Gb  bsp_int.o [1]
BSP_IntHandlerDMA1_CH0  0x0800744b    0xa  Code  Gb  bsp_int.o [1]
BSP_IntHandlerDMA1_CH1  0x08007455    0xa  Code  Gb  bsp_int.o [1]
BSP_IntHandlerDMA1_CH2  0x0800745f    0xa  Code  Gb  bsp_int.o [1]
BSP_IntHandlerDMA1_CH3  0x08007469    0xa  Code  Gb  bsp_int.o [1]
BSP_IntHandlerDMA1_CH4  0x08007473    0xa  Code  Gb  bsp_int.o [1]
BSP_IntHandlerDMA1_CH5  0x0800747d    0xa  Code  Gb  bsp_int.o [1]
BSP_IntHandlerDMA1_CH6  0x08007487    0xa  Code  Gb  bsp_int.o [1]
BSP_IntHandlerDMA1_STREAM7
                        0x080075b3    0xa  Code  Gb  bsp_int.o [1]
BSP_IntHandlerDMA2_CH0  0x0800760d    0xa  Code  Gb  bsp_int.o [1]
BSP_IntHandlerDMA2_CH1  0x08007617    0xa  Code  Gb  bsp_int.o [1]
BSP_IntHandlerDMA2_CH2  0x08007621    0xa  Code  Gb  bsp_int.o [1]
BSP_IntHandlerDMA2_CH3  0x0800762b    0xa  Code  Gb  bsp_int.o [1]
BSP_IntHandlerDMA2_CH4  0x08007635    0xa  Code  Gb  bsp_int.o [1]
BSP_IntHandlerDMA2_CH5  0x08007685    0xa  Code  Gb  bsp_int.o [1]
BSP_IntHandlerDMA2_CH6  0x0800768f    0xa  Code  Gb  bsp_int.o [1]
BSP_IntHandlerDMA2_CH7  0x08007699    0xa  Code  Gb  bsp_int.o [1]
BSP_IntHandlerDummy     0x08007751    0x2  Code  Lc  bsp_int.o [1]
BSP_IntHandlerETH       0x0800763f    0xa  Code  Gb  bsp_int.o [1]
BSP_IntHandlerETHWakeup
                        0x08007649    0xa  Code  Gb  bsp_int.o [1]
BSP_IntHandlerEXTI0     0x08007419    0xa  Code  Gb  bsp_int.o [1]
BSP_IntHandlerEXTI1     0x08007423    0xa  Code  Gb  bsp_int.o [1]
BSP_IntHandlerEXTI15_10
                        0x0800756d    0xa  Code  Gb  bsp_int.o [1]
BSP_IntHandlerEXTI2     0x0800742d    0xa  Code  Gb  bsp_int.o [1]
BSP_IntHandlerEXTI3     0x08007437    0xa  Code  Gb  bsp_int.o [1]
BSP_IntHandlerEXTI4     0x08007441    0xa  Code  Gb  bsp_int.o [1]
BSP_IntHandlerEXTI9_5   0x080074c3    0xa  Code  Gb  bsp_int.o [1]
BSP_IntHandlerFLASH     0x08007405    0xa  Code  Gb  bsp_int.o [1]
BSP_IntHandlerFPU       0x08007707    0xa  Code  Gb  bsp_int.o [1]
BSP_IntHandlerFSMC      0x080075bd    0xa  Code  Gb  bsp_int.o [1]
BSP_IntHandlerHASH_RNG  0x080076fd    0xa  Code  Gb  bsp_int.o [1]
BSP_IntHandlerI2C1_ER   0x0800751d    0xa  Code  Gb  bsp_int.o [1]
BSP_IntHandlerI2C1_EV   0x08007513    0xa  Code  Gb  bsp_int.o [1]
BSP_IntHandlerI2C2_ER   0x08007531    0xa  Code  Gb  bsp_int.o [1]
BSP_IntHandlerI2C2_EV   0x08007527    0xa  Code  Gb  bsp_int.o [1]
BSP_IntHandlerI2C3_ER   0x080076b7    0xa  Code  Gb  bsp_int.o [1]
BSP_IntHandlerI2C3_EV   0x080076ad    0xa  Code  Gb  bsp_int.o [1]
BSP_IntHandlerOTG_FS    0x0800767b    0xa  Code  Gb  bsp_int.o [1]
BSP_IntHandlerOTG_FS_WKUP
                        0x08007581    0xa  Code  Gb  bsp_int.o [1]
BSP_IntHandlerOTG_HS    0x080076df    0xa  Code  Gb  bsp_int.o [1]
BSP_IntHandlerOTG_HS_EP1_IN
                        0x080076cb    0xa  Code  Gb  bsp_int.o [1]
BSP_IntHandlerOTG_HS_EP1_OUT
                        0x080076c1    0xa  Code  Gb  bsp_int.o [1]
BSP_IntHandlerOTG_HS_WKUP
                        0x080076d5    0xa  Code  Gb  bsp_int.o [1]
BSP_IntHandlerPVD       0x080073e7    0xa  Code  Gb  bsp_int.o [1]
BSP_IntHandlerRCC       0x0800740f    0xa  Code  Gb  bsp_int.o [1]
BSP_IntHandlerRTCAlarm  0x08007577    0xa  Code  Gb  bsp_int.o [1]
BSP_IntHandlerRTC_WKUP  0x080073fb    0xa  Code  Gb  bsp_int.o [1]
BSP_IntHandlerSDIO      0x080075c7    0xa  Code  Gb  bsp_int.o [1]
BSP_IntHandlerSPI1      0x0800753b    0xa  Code  Gb  bsp_int.o [1]
BSP_IntHandlerSPI2      0x08007545    0xa  Code  Gb  bsp_int.o [1]
BSP_IntHandlerSPI3      0x080075db    0xa  Code  Gb  bsp_int.o [1]
BSP_IntHandlerTAMP_STAMP
                        0x080073f1    0xa  Code  Gb  bsp_int.o [1]
BSP_IntHandlerTIM1_BRK_TIM9
                        0x080074cd    0xa  Code  Gb  bsp_int.o [1]
BSP_IntHandlerTIM1_CC   0x080074eb    0xa  Code  Gb  bsp_int.o [1]
BSP_IntHandlerTIM1_TRG_COM_TIM11
                        0x080074e1    0xa  Code  Gb  bsp_int.o [1]
BSP_IntHandlerTIM1_UP_TIM10
                        0x080074d7    0xa  Code  Gb  bsp_int.o [1]
BSP_IntHandlerTIM2      0x080074f5    0xa  Code  Gb  bsp_int.o [1]
BSP_IntHandlerTIM3      0x080074ff    0xa  Code  Gb  bsp_int.o [1]
BSP_IntHandlerTIM4      0x08007509    0xa  Code  Gb  bsp_int.o [1]
BSP_IntHandlerTIM5      0x080075d1    0xa  Code  Gb  bsp_int.o [1]
BSP_IntHandlerTIM6_DAC  0x080075f9    0xa  Code  Gb  bsp_int.o [1]
BSP_IntHandlerTIM7      0x08007603    0xa  Code  Gb  bsp_int.o [1]
BSP_IntHandlerTIM8_BRK_TIM12
                        0x0800758b    0xa  Code  Gb  bsp_int.o [1]
BSP_IntHandlerTIM8_CC   0x080075a9    0xa  Code  Gb  bsp_int.o [1]
BSP_IntHandlerTIM8_TRG_COM_TIM14
                        0x0800759f    0xa  Code  Gb  bsp_int.o [1]
BSP_IntHandlerTIM8_UP_TIM13
                        0x08007595    0xa  Code  Gb  bsp_int.o [1]
BSP_IntHandlerUSART1    0x0800754f    0xa  Code  Gb  bsp_int.o [1]
BSP_IntHandlerUSART2    0x08007559    0xa  Code  Gb  bsp_int.o [1]
BSP_IntHandlerUSART3    0x08007563    0xa  Code  Gb  bsp_int.o [1]
BSP_IntHandlerUSART4    0x080075e5    0xa  Code  Gb  bsp_int.o [1]
BSP_IntHandlerUSART5    0x080075ef    0xa  Code  Gb  bsp_int.o [1]
BSP_IntHandlerUSART6    0x080076a3    0xa  Code  Gb  bsp_int.o [1]
BSP_IntHandlerWWDG      0x080073dd    0xa  Code  Gb  bsp_int.o [1]
BSP_IntInit             0x080073c3   0x1a  Code  Gb  bsp_int.o [1]
BSP_IntVectSet          0x08007399   0x2a  Code  Gb  bsp_int.o [1]
BSP_IntVectTbl          0x20003270  0x148  Data  Lc  bsp_int.o [1]
BSP_LED_Off             0x0800454b   0x68  Code  Gb  bsp.o [1]
BSP_LED_Toggle          0x080045b3   0x5c  Code  Gb  bsp.o [1]
BSP_PeriphClkFreqGet    0x08007f85   0xba  Code  Gb  bsp_periph.o [1]
BSP_PeriphDis           0x08008109   0xca  Code  Gb  bsp_periph.o [1]
BSP_PeriphEn            0x0800803f   0xca  Code  Gb  bsp_periph.o [1]
BSP_Tick_Init           0x08004451   0x1a  Code  Gb  bsp.o [1]
CPU_Init                0x08002d75   0x10  Code  Gb  cpu_core.o [1]
CPU_IntDisMeasCtr       0x20003c84    0x2  Data  Gb  cpu_core.o [1]
CPU_IntDisMeasInit      0x08002ef7   0x78  Code  Lc  cpu_core.o [1]
CPU_IntDisMeasMaxCalc   0x08002f6f   0x1a  Code  Lc  cpu_core.o [1]
CPU_IntDisMeasMaxCurGet
                        0x08002e31   0x24  Code  Gb  cpu_core.o [1]
CPU_IntDisMeasMaxCurReset
                        0x08002e0f   0x22  Code  Gb  cpu_core.o [1]
CPU_IntDisMeasMaxCur_cnts
                        0x20003be8    0x4  Data  Gb  cpu_core.o [1]
CPU_IntDisMeasMaxGet    0x08002e55   0x22  Code  Gb  cpu_core.o [1]
CPU_IntDisMeasMax_cnts  0x20003bec    0x4  Data  Gb  cpu_core.o [1]
CPU_IntDisMeasOvrhd_cnts
                        0x20003be4    0x4  Data  Gb  cpu_core.o [1]
CPU_IntDisMeasStart     0x08002e77   0x28  Code  Gb  cpu_core.o [1]
CPU_IntDisMeasStart_cnts
                        0x20003bdc    0x4  Data  Gb  cpu_core.o [1]
CPU_IntDisMeasStop      0x08002e9f   0x42  Code  Gb  cpu_core.o [1]
CPU_IntDisMeasStop_cnts
                        0x20003be0    0x4  Data  Gb  cpu_core.o [1]
CPU_IntDisNestCtr       0x20003c86    0x2  Data  Gb  cpu_core.o [1]
CPU_IntSrcEn            0x08008625  0x13c  Code  Gb  cpu_c.o [1]
CPU_Name                0x20003bac   0x10  Data  Gb  cpu_core.o [1]
CPU_NameClr             0x08002d87   0x24  Code  Gb  cpu_core.o [1]
CPU_NameInit            0x08002ee1    0x8  Code  Lc  cpu_core.o [1]
CPU_NameSet             0x08002dab   0x5c  Code  Gb  cpu_core.o [1]
CPU_SW_Exception        0x08002d85    0x2  Code  Gb  cpu_core.o [1]
CPU_TS_Init             0x08002ee9    0xe  Code  Lc  cpu_core.o [1]
CPU_TS_TmrFreqSet       0x08002e07    0x8  Code  Gb  cpu_core.o [1]
CPU_TS_TmrFreq_Hz       0x20003bd8    0x4  Data  Gb  cpu_core.o [1]
CPU_TS_TmrInit          0x08003785   0x2e  Code  Gb  cpu_bsp.o [1]
CPU_TS_TmrRd            0x080037b3    0x8  Code  Gb  cpu_bsp.o [1]
CSTACK$$Base            0x20003ca8          --   Gb  - Linker created -
CSTACK$$Limit           0x20003ea8          --   Gb  - Linker created -
HAL_GPIO_Init           0x080081ed  0x1f2  Code  Gb  stm32f4xx_hal_gpio.o [1]
HAL_GPIO_TogglePin      0x080083f3    0xa  Code  Gb  stm32f4xx_hal_gpio.o [1]
HAL_GPIO_WritePin       0x080083df   0x14  Code  Gb  stm32f4xx_hal_gpio.o [1]
HAL_GetREVID            0x08007f3d    0x8  Code  Gb  stm32f4xx_hal.o [1]
HAL_GetTick             0x08007f37    0x6  Code  Wk  stm32f4xx_hal.o [1]
HAL_Init                0x08007efd   0x3a  Code  Gb  stm32f4xx_hal.o [1]
HAL_InitTick            0x08004437   0x1a  Code  Gb  bsp.o [1]
HAL_NVIC_SetPriorityGrouping
                        0x08007f6f    0xc  Code  Gb  stm32f4xx_hal_cortex.o [1]
HAL_RCC_ClockConfig     0x08007b59  0x284  Code  Gb  stm32f4xx_hal_rcc.o [1]
HAL_RCC_DeInit          0x08007755   0x7a  Code  Gb  stm32f4xx_hal_rcc.o [1]
HAL_RCC_GetHCLKFreq     0x08007e81   0x28  Code  Gb  stm32f4xx_hal_rcc.o [1]
HAL_RCC_GetSysClockFreq
                        0x08007ddd   0xa4  Code  Wk  stm32f4xx_hal_rcc.o [1]
HAL_RCC_OscConfig       0x080077cf  0x38a  Code  Wk  stm32f4xx_hal_rcc.o [1]
Math_Init               0x08008b05    0xa  Code  Gb  lib_math.o [1]
Math_RandSeedCur        0x20003bf0    0x4  Data  Gb  lib_math.o [1]
Math_RandSetSeed        0x08008b0f   0x20  Code  Gb  lib_math.o [1]
Mem_Clr                 0x080028bb   0x12  Code  Gb  lib_mem.o [1]
Mem_Heap                0x20002250  0x400  Data  Gb  lib_mem.o [1]
Mem_HeapAlloc           0x08002941   0x40  Code  Gb  lib_mem.o [1]
Mem_Init                0x0800287d   0x3e  Code  Gb  lib_mem.o [1]
Mem_PoolBlkFree         0x08002b99   0x4c  Code  Gb  lib_mem.o [1]
Mem_PoolBlkGet          0x08002b41   0x58  Code  Gb  lib_mem.o [1]
Mem_PoolClr             0x08002b21   0x20  Code  Gb  lib_mem.o [1]
Mem_PoolCreate          0x080029c9  0x158  Code  Gb  lib_mem.o [1]
Mem_SegAllocExtCritical
                        0x08002cdd   0x98  Code  Lc  lib_mem.o [1]
Mem_SegAllocInternal    0x08002c79   0x64  Code  Lc  lib_mem.o [1]
Mem_SegCreate           0x08002981   0x48  Code  Gb  lib_mem.o [1]
Mem_SegCreateCritical   0x08002be5   0x20  Code  Lc  lib_mem.o [1]
Mem_SegHeadPtr          0x20003bf4    0x4  Data  Gb  lib_mem.o [1]
Mem_SegHeap             0x20003b98   0x14  Data  Gb  lib_mem.o [1]
Mem_SegOverlapChkCritical
                        0x08002c05   0x58  Code  Lc  lib_mem.o [1]
Mem_Set                 0x080028cd   0x74  Code  Gb  lib_mem.o [1]
NVIC_SetPriorityGrouping
                        0x08007f51   0x1e  Code  Lc  stm32f4xx_hal_cortex.o [1]
OSCfg_DataSizeRAM       0x08009704    0x4  Data  Gb  os_cfg_app.o [1]
OSCfg_ISRStk            0x20002c50  0x190  Data  Gb  os_cfg_app.o [1]
OSCfg_ISRStkBasePtr     0x080096b0    0x4  Data  Gb  os_cfg_app.o [1]
OSCfg_ISRStkSize        0x080096b4    0x4  Data  Gb  os_cfg_app.o [1]
OSCfg_ISRStkSizeRAM     0x080096b8    0x4  Data  Gb  os_cfg_app.o [1]
OSCfg_IdleTaskStk       0x20002650  0x200  Data  Gb  os_cfg_app.o [1]
OSCfg_IdleTaskStkBasePtr
                        0x080096a0    0x4  Data  Gb  os_cfg_app.o [1]
OSCfg_IdleTaskStkLimit  0x080096a4    0x4  Data  Gb  os_cfg_app.o [1]
OSCfg_IdleTaskStkSize   0x080096a8    0x4  Data  Gb  os_cfg_app.o [1]
OSCfg_IdleTaskStkSizeRAM
                        0x080096ac    0x4  Data  Gb  os_cfg_app.o [1]
OSCfg_Init              0x080071ad   0xb8  Code  Gb  os_cfg_app.o [1]
OSCfg_MsgPool           0x20001010  0x640  Data  Gb  os_cfg_app.o [1]
OSCfg_MsgPoolBasePtr    0x080096c0    0x4  Data  Gb  os_cfg_app.o [1]
OSCfg_MsgPoolSize       0x08001172    0x2  Data  Gb  os_cfg_app.o [1]
OSCfg_MsgPoolSizeRAM    0x080096bc    0x4  Data  Gb  os_cfg_app.o [1]
OSCfg_StatTaskPrio      0x0800971e    0x1  Data  Gb  os_cfg_app.o [1]
OSCfg_StatTaskRate_Hz   0x080096c4    0x4  Data  Gb  os_cfg_app.o [1]
OSCfg_StatTaskStk       0x20002de0  0x190  Data  Gb  os_cfg_app.o [1]
OSCfg_StatTaskStkBasePtr
                        0x080096c8    0x4  Data  Gb  os_cfg_app.o [1]
OSCfg_StatTaskStkLimit  0x080096cc    0x4  Data  Gb  os_cfg_app.o [1]
OSCfg_StatTaskStkSize   0x080096d0    0x4  Data  Gb  os_cfg_app.o [1]
OSCfg_StatTaskStkSizeRAM
                        0x080096d4    0x4  Data  Gb  os_cfg_app.o [1]
OSCfg_StkSizeMin        0x080096d8    0x4  Data  Gb  os_cfg_app.o [1]
OSCfg_TickRate_Hz       0x080096dc    0x4  Data  Gb  os_cfg_app.o [1]
OSCfg_TickTaskPrio      0x0800971f    0x1  Data  Gb  os_cfg_app.o [1]
OSCfg_TickTaskStk       0x20002850  0x200  Data  Gb  os_cfg_app.o [1]
OSCfg_TickTaskStkBasePtr
                        0x080096e0    0x4  Data  Gb  os_cfg_app.o [1]
OSCfg_TickTaskStkLimit  0x080096e4    0x4  Data  Gb  os_cfg_app.o [1]
OSCfg_TickTaskStkSize   0x080096e8    0x4  Data  Gb  os_cfg_app.o [1]
OSCfg_TickTaskStkSizeRAM
                        0x080096ec    0x4  Data  Gb  os_cfg_app.o [1]
OSCfg_TmrTaskPrio       0x08009720    0x1  Data  Gb  os_cfg_app.o [1]
OSCfg_TmrTaskRate_Hz    0x080096f0    0x4  Data  Gb  os_cfg_app.o [1]
OSCfg_TmrTaskStk        0x20002a50  0x200  Data  Gb  os_cfg_app.o [1]
OSCfg_TmrTaskStkBasePtr
                        0x080096f4    0x4  Data  Gb  os_cfg_app.o [1]
OSCfg_TmrTaskStkLimit   0x080096f8    0x4  Data  Gb  os_cfg_app.o [1]
OSCfg_TmrTaskStkSize    0x080096fc    0x4  Data  Gb  os_cfg_app.o [1]
OSCfg_TmrTaskStkSizeRAM
                        0x08009700    0x4  Data  Gb  os_cfg_app.o [1]
OSCtxSw                 0x0800730d         Code  Gb  os_cpu_a.o [1]
OSDbg_AppHooksEn        0x08009723    0x1  Data  Gb  os_dbg.o [1]
OSDbg_ArgChkEn          0x08009722    0x1  Data  Gb  os_dbg.o [1]
OSDbg_CalledFromISRChkEn
                        0x08009724    0x1  Data  Gb  os_dbg.o [1]
OSDbg_DataSize          0x08009710    0x4  Data  Gb  os_dbg.o [1]
OSDbg_DbgEn             0x08009721    0x1  Data  Gb  os_dbg.o [1]
OSDbg_EndiannessTest    0x08009708    0x4  Data  Gb  os_dbg.o [1]
OSDbg_FlagDelEn         0x08009726    0x1  Data  Gb  os_dbg.o [1]
OSDbg_FlagEn            0x08009725    0x1  Data  Gb  os_dbg.o [1]
OSDbg_FlagGrp           0x08009404   0x28  Data  Gb  os_dbg.o [1]
OSDbg_FlagGrpSize       0x0800125a    0x2  Data  Gb  os_dbg.o [1]
OSDbg_FlagModeClrEn     0x08009727    0x1  Data  Gb  os_dbg.o [1]
OSDbg_FlagPendAbortEn   0x08009728    0x1  Data  Gb  os_dbg.o [1]
OSDbg_FlagWidth         0x0800128a    0x2  Data  Gb  os_dbg.o [1]
OSDbg_ISRPostDeferredEn
                        0x08009729    0x1  Data  Gb  os_dbg.o [1]
OSDbg_Mem               0x080094e8   0x20  Data  Gb  os_dbg.o [1]
OSDbg_MemEn             0x0800972a    0x1  Data  Gb  os_dbg.o [1]
OSDbg_MemSize           0x0800174a    0x2  Data  Gb  os_dbg.o [1]
OSDbg_MsgEn             0x0800972b    0x1  Data  Gb  os_dbg.o [1]
OSDbg_MsgPoolSize       0x08003782    0x2  Data  Gb  os_dbg.o [1]
OSDbg_MsgQSize          0x08004ff6    0x2  Data  Gb  os_dbg.o [1]
OSDbg_MsgSize           0x080019a2    0x2  Data  Gb  os_dbg.o [1]
OSDbg_Mutex             0x08009374   0x30  Data  Gb  os_dbg.o [1]
OSDbg_MutexDelEn        0x0800972d    0x1  Data  Gb  os_dbg.o [1]
OSDbg_MutexEn           0x0800972c    0x1  Data  Gb  os_dbg.o [1]
OSDbg_MutexPendAbortEn  0x0800972e    0x1  Data  Gb  os_dbg.o [1]
OSDbg_MutexSize         0x08005636    0x2  Data  Gb  os_dbg.o [1]
OSDbg_ObjTypeChkEn      0x0800972f    0x1  Data  Gb  os_dbg.o [1]
OSDbg_PendDataSize      0x0800597e    0x2  Data  Gb  os_dbg.o [1]
OSDbg_PendListSize      0x08007752    0x2  Data  Gb  os_dbg.o [1]
OSDbg_PendMultiEn       0x08009730    0x1  Data  Gb  os_dbg.o [1]
OSDbg_PendObjSize       0x08008bca    0x2  Data  Gb  os_dbg.o [1]
OSDbg_PrioMax           0x08008fca    0x2  Data  Gb  os_dbg.o [1]
OSDbg_PrioTblSize       0x08009112    0x2  Data  Gb  os_dbg.o [1]
OSDbg_PtrSize           0x080092aa    0x2  Data  Gb  os_dbg.o [1]
OSDbg_Q                 0x080093a4   0x30  Data  Gb  os_dbg.o [1]
OSDbg_QDelEn            0x08009732    0x1  Data  Gb  os_dbg.o [1]
OSDbg_QEn               0x08009731    0x1  Data  Gb  os_dbg.o [1]
OSDbg_QFlushEn          0x08009733    0x1  Data  Gb  os_dbg.o [1]
OSDbg_QPendAbortEn      0x08009734    0x1  Data  Gb  os_dbg.o [1]
OSDbg_QSize             0x08009312    0x2  Data  Gb  os_dbg.o [1]
OSDbg_RdyList           0x08009366    0x2  Data  Gb  os_dbg.o [1]
OSDbg_RdyListSize       0x0800970c    0x4  Data  Gb  os_dbg.o [1]
OSDbg_SchedRoundRobinEn
                        0x08009735    0x1  Data  Gb  os_dbg.o [1]
OSDbg_Sem               0x0800942c   0x28  Data  Gb  os_dbg.o [1]
OSDbg_SemDelEn          0x08009737    0x1  Data  Gb  os_dbg.o [1]
OSDbg_SemEn             0x08009736    0x1  Data  Gb  os_dbg.o [1]
OSDbg_SemPendAbortEn    0x08009738    0x1  Data  Gb  os_dbg.o [1]
OSDbg_SemSetEn          0x08009739    0x1  Data  Gb  os_dbg.o [1]
OSDbg_SemSize           0x0800932e    0x2  Data  Gb  os_dbg.o [1]
OSDbg_StatTaskEn        0x0800973b    0x1  Data  Gb  os_dbg.o [1]
OSDbg_StatTaskStkChkEn  0x0800973c    0x1  Data  Gb  os_dbg.o [1]
OSDbg_StkWidth          0x0800973a    0x1  Data  Gb  os_dbg.o [1]
OSDbg_TCBSize           0x08009716    0x2  Data  Gb  os_dbg.o [1]
OSDbg_TaskChangePrioEn  0x0800973d    0x1  Data  Gb  os_dbg.o [1]
OSDbg_TaskDelEn         0x0800973e    0x1  Data  Gb  os_dbg.o [1]
OSDbg_TaskProfileEn     0x08009741    0x1  Data  Gb  os_dbg.o [1]
OSDbg_TaskQEn           0x0800973f    0x1  Data  Gb  os_dbg.o [1]
OSDbg_TaskQPendAbortEn  0x08009740    0x1  Data  Gb  os_dbg.o [1]
OSDbg_TaskRegTblSize    0x08009714    0x2  Data  Gb  os_dbg.o [1]
OSDbg_TaskSemPendAbortEn
                        0x08009742    0x1  Data  Gb  os_dbg.o [1]
OSDbg_TaskSuspendEn     0x08009743    0x1  Data  Gb  os_dbg.o [1]
OSDbg_TickListSize      0x08009718    0x2  Data  Gb  os_dbg.o [1]
OSDbg_TimeDlyHMSMEn     0x08009744    0x1  Data  Gb  os_dbg.o [1]
OSDbg_TimeDlyResumeEn   0x08009745    0x1  Data  Gb  os_dbg.o [1]
OSDbg_Tmr               0x080093d4   0x30  Data  Gb  os_dbg.o [1]
OSDbg_TmrDelEn          0x08009747    0x1  Data  Gb  os_dbg.o [1]
OSDbg_TmrEn             0x08009746    0x1  Data  Gb  os_dbg.o [1]
OSDbg_TmrSize           0x0800971a    0x2  Data  Gb  os_dbg.o [1]
OSDbg_VersionNbr        0x0800971c    0x2  Data  Gb  os_dbg.o [1]
OSFlagCreate            0x08004a65   0x56  Code  Gb  os_flag.o [1]
OSFlagDbgListPtr        0x20003c24    0x4  Data  Gb  os_var.o [1]
OSFlagPend              0x08004abb  0x2b4  Code  Gb  os_flag.o [1]
OSFlagPost              0x08004d6f   0x3c  Code  Gb  os_flag.o [1]
OSFlagQty               0x20003c88    0x2  Data  Gb  os_var.o [1]
OSIdleTaskCtr           0x20003c1c    0x4  Data  Gb  os_var.o [1]
OSIdleTaskHook          0x08004645   0x12  Code  Gb  os_cpu_c.o [1]
OSIdleTaskTCB           0x20003778   0xc0  Data  Gb  os_var.o [1]
OSInit                  0x080037c9  0x14a  Code  Gb  os_core.o [1]
OSInitHook              0x08004657   0x1e  Code  Gb  os_cpu_c.o [1]
OSIntCtxSw              0x08007315         Code  Gb  os_cpu_a.o [1]
OSIntDisTimeMax         0x20003c20    0x4  Data  Gb  os_var.o [1]
OSIntEnter              0x08003913   0x24  Code  Gb  os_core.o [1]
OSIntExit               0x08003937   0xba  Code  Gb  os_core.o [1]
OSIntNestingCtr         0x20003c9b    0x1  Data  Gb  os_var.o [1]
OSMemDbgListPtr         0x20003c28    0x4  Data  Gb  os_var.o [1]
OSMemQty                0x20003c8a    0x2  Data  Gb  os_var.o [1]
OSMsgPool               0x20003bbc    0xc  Data  Gb  os_var.o [1]
OSMutexCreate           0x08005225   0x5a  Code  Gb  os_mutex.o [1]
OSMutexDbgListPtr       0x20003c2c    0x4  Data  Gb  os_var.o [1]
OSMutexPend             0x0800527f  0x1b4  Code  Gb  os_mutex.o [1]
OSMutexPost             0x08005433  0x14c  Code  Gb  os_mutex.o [1]
OSMutexQty              0x20003c8c    0x2  Data  Gb  os_var.o [1]
OSPrioCur               0x20003c9d    0x1  Data  Gb  os_var.o [1]
OSPrioHighRdy           0x20003c9e    0x1  Data  Gb  os_var.o [1]
OSPrioSaved             0x20003c9f    0x1  Data  Gb  os_var.o [1]
OSPrioTbl               0x20003bfc    0x4  Data  Gb  os_prio.o [1]
OSQCreate               0x08005639   0x56  Code  Gb  os_q.o [1]
OSQDbgListPtr           0x20003c30    0x4  Data  Gb  os_var.o [1]
OSQPend                 0x0800568f  0x186  Code  Gb  os_q.o [1]
OSQPost                 0x08005815   0x46  Code  Gb  os_q.o [1]
OSQQty                  0x20003c8e    0x2  Data  Gb  os_var.o [1]
OSRdyList               0x20002f70  0x180  Data  Gb  os_var.o [1]
OSRunning               0x20003c9c    0x1  Data  Gb  os_var.o [1]
OSSched                 0x080039f1   0x8a  Code  Gb  os_core.o [1]
OSSchedLock             0x08003a7b   0x52  Code  Gb  os_core.o [1]
OSSchedLockNestingCtr   0x20003ca0    0x1  Data  Gb  os_var.o [1]
OSSchedUnlock           0x08003acd   0x70  Code  Gb  os_core.o [1]
OSSemCreate             0x080032a1   0x56  Code  Gb  os_sem.o [1]
OSSemDbgListPtr         0x20003c34    0x4  Data  Gb  os_var.o [1]
OSSemDel                0x080032f7   0xf0  Code  Gb  os_sem.o [1]
OSSemPend               0x080033e7  0x156  Code  Gb  os_sem.o [1]
OSSemPendAbort          0x0800353d   0x92  Code  Gb  os_sem.o [1]
OSSemPost               0x080035cf   0x38  Code  Gb  os_sem.o [1]
OSSemQty                0x20003c90    0x2  Data  Gb  os_var.o [1]
OSStart                 0x08003b3d   0x64  Code  Gb  os_core.o [1]
OSStartHighRdy          0x08007291         Code  Gb  os_cpu_a.o [1]
OSStatReset             0x08006791  0x112  Code  Gb  os_stat.o [1]
OSStatResetFlag         0x20003ca1    0x1  Data  Gb  os_var.o [1]
OSStatTaskCPUUsage      0x20003c92    0x2  Data  Gb  os_var.o [1]
OSStatTaskCPUUsageInit  0x080068a3   0xea  Code  Gb  os_stat.o [1]
OSStatTaskCPUUsageMax   0x20003c94    0x2  Data  Gb  os_var.o [1]
OSStatTaskCtr           0x20003c38    0x4  Data  Gb  os_var.o [1]
OSStatTaskCtrMax        0x20003c3c    0x4  Data  Gb  os_var.o [1]
OSStatTaskCtrRun        0x20003c40    0x4  Data  Gb  os_var.o [1]
OSStatTaskHook          0x08004675   0x12  Code  Gb  os_cpu_c.o [1]
OSStatTaskRdy           0x20003ca2    0x1  Data  Gb  os_var.o [1]
OSStatTaskTCB           0x20003838   0xc0  Data  Gb  os_var.o [1]
OSStatTaskTimeMax       0x20003c44    0x4  Data  Gb  os_var.o [1]
OSTCBCurPtr             0x20003c70    0x4  Data  Gb  os_var.o [1]
OSTCBHighRdyPtr         0x20003c74    0x4  Data  Gb  os_var.o [1]
OSTaskCreate            0x08005981  0x12e  Code  Gb  os_task.o [1]
OSTaskCreateHook        0x08004687   0x16  Code  Gb  os_cpu_c.o [1]
OSTaskCtxSwCtr          0x20003c48    0x4  Data  Gb  os_var.o [1]
OSTaskDbgListPtr        0x20003c4c    0x4  Data  Gb  os_var.o [1]
OSTaskQty               0x20003c96    0x2  Data  Gb  os_var.o [1]
OSTaskRegNextAvailID    0x20003ca3    0x1  Data  Gb  os_var.o [1]
OSTaskResume            0x08005aaf   0x26  Code  Gb  os_task.o [1]
OSTaskReturnHook        0x0800469d   0x16  Code  Gb  os_cpu_c.o [1]
OSTaskSemPend           0x08005ad5  0x1b8  Code  Gb  os_task.o [1]
OSTaskSemPost           0x08005c8d   0x26  Code  Gb  os_task.o [1]
OSTaskStkChk            0x08005cb3   0x9c  Code  Gb  os_task.o [1]
OSTaskStkInit           0x080046b3  0x15e  Code  Gb  os_cpu_c.o [1]
OSTaskSuspend           0x08005d4f   0x20  Code  Gb  os_task.o [1]
OSTaskSwHook            0x08004811   0x9e  Code  Gb  os_cpu_c.o [1]
OSTickCtr               0x20003c50    0x4  Data  Gb  os_var.o [1]
OSTickListDly           0x20003bc8    0x8  Data  Gb  os_var.o [1]
OSTickListTimeout       0x20003bd0    0x8  Data  Gb  os_var.o [1]
OSTickTaskTCB           0x200038f8   0xc0  Data  Gb  os_var.o [1]
OSTickTaskTimeMax       0x20003c54    0x4  Data  Gb  os_var.o [1]
OSTimeDly               0x08008439   0x8c  Code  Gb  os_time.o [1]
OSTimeDlyHMSM           0x080084c5  0x10c  Code  Gb  os_time.o [1]
OSTimeTick              0x080085d1   0x36  Code  Gb  os_time.o [1]
OSTimeTickHook          0x080048af   0x12  Code  Gb  os_cpu_c.o [1]
OSTmrDbgListPtr         0x20003c58    0x4  Data  Gb  os_var.o [1]
OSTmrListEntries        0x20003c98    0x2  Data  Gb  os_var.o [1]
OSTmrListPtr            0x20003c5c    0x4  Data  Gb  os_var.o [1]
OSTmrMutex              0x20003ad8   0x30  Data  Gb  os_var.o [1]
OSTmrTaskTCB            0x200039b8   0xc0  Data  Gb  os_var.o [1]
OSTmrTaskTimeMax        0x20003c60    0x4  Data  Gb  os_var.o [1]
OSTmrTickCtr            0x20003c64    0x4  Data  Gb  os_var.o [1]
OSTmrUpdateCnt          0x20003c68    0x4  Data  Gb  os_var.o [1]
OSTmrUpdateCtr          0x20003c6c    0x4  Data  Gb  os_var.o [1]
OS_AppIdleTaskHookPtr   0x20003c0c    0x4  Data  Gb  os_var.o [1]
OS_AppStatTaskHookPtr   0x20003c10    0x4  Data  Gb  os_var.o [1]
OS_AppTaskCreateHookPtr
                        0x20003c00    0x4  Data  Gb  os_var.o [1]
OS_AppTaskDelHookPtr    0x20003c04    0x4  Data  Gb  os_var.o [1]
OS_AppTaskReturnHookPtr
                        0x20003c08    0x4  Data  Gb  os_var.o [1]
OS_AppTaskSwHookPtr     0x20003c14    0x4  Data  Gb  os_var.o [1]
OS_AppTimeTickHookPtr   0x20003c18    0x4  Data  Gb  os_var.o [1]
OS_CPU_ExceptStkBase    0x20003bf8    0x4  Data  Gb  os_cpu_c.o [1]
OS_CPU_FP_Reg_Pop       0x0800727f         Code  Gb  os_cpu_a.o [1]
OS_CPU_FP_Reg_Push      0x08007265         Code  Gb  os_cpu_a.o [1]
OS_CPU_PendSVHandler    0x0800731d         Code  Gb  os_cpu_a.o [1]
OS_CPU_SysTickHandler   0x080048c1   0x2c  Code  Gb  os_cpu_c.o [1]
OS_CPU_SysTickInit      0x080048ed   0x2e  Code  Gb  os_cpu_c.o [1]
OS_Dbg_Init             0x08006f81  0x22c  Code  Gb  os_dbg.o [1]
OS_FlagBlock            0x08004dab   0x38  Code  Gb  os_flag.o [1]
OS_FlagDbgListAdd       0x08004df5   0x28  Code  Gb  os_flag.o [1]
OS_FlagInit             0x08004de3   0x12  Code  Gb  os_flag.o [1]
OS_FlagPost             0x08004e35  0x15a  Code  Gb  os_flag.o [1]
OS_FlagTaskRdy          0x08004f8f   0x68  Code  Gb  os_flag.o [1]
OS_IdleTask             0x08003ba1   0x3e  Code  Gb  os_core.o [1]
OS_IdleTaskInit         0x08003bdf   0x52  Code  Gb  os_core.o [1]
OS_MemInit              0x08004ff9   0x12  Code  Gb  os_mem.o [1]
OS_MsgPoolInit          0x08005015   0x6e  Code  Gb  os_msg.o [1]
OS_MsgQGet              0x08005097   0x76  Code  Gb  os_msg.o [1]
OS_MsgQInit             0x08005083   0x14  Code  Gb  os_msg.o [1]
OS_MsgQPut              0x0800510d  0x10a  Code  Gb  os_msg.o [1]
OS_MutexDbgListAdd      0x0800557f   0x28  Code  Gb  os_mutex.o [1]
OS_MutexGrpAdd          0x080055d9    0x8  Code  Gb  os_mutex.o [1]
OS_MutexGrpPrioFindHighest
                        0x080055fb   0x3c  Code  Gb  os_mutex.o [1]
OS_MutexGrpRemove       0x080055e1   0x1a  Code  Gb  os_mutex.o [1]
OS_MutexInit            0x080055a7   0x12  Code  Gb  os_mutex.o [1]
OS_Pend                 0x08003c31   0x78  Code  Gb  os_core.o [1]
OS_PendAbort            0x08003ca9   0xc6  Code  Gb  os_core.o [1]
OS_PendAbort1           0x08003d6f   0x28  Code  Gb  os_core.o [1]
OS_PendDataInit         0x08003d97   0x38  Code  Gb  os_core.o [1]
OS_PendDbgNameAdd       0x08003dcf   0x4c  Code  Gb  os_core.o [1]
OS_PendDbgNameRemove    0x08003e1b   0x28  Code  Gb  os_core.o [1]
OS_PendListChangePrio   0x08003e49   0x40  Code  Gb  os_core.o [1]
OS_PendListInit         0x08003e89    0xe  Code  Gb  os_core.o [1]
OS_PendListInsertPrio   0x08003e97   0x7a  Code  Gb  os_core.o [1]
OS_PendListRemove       0x08003f11   0x3c  Code  Gb  os_core.o [1]
OS_PendListRemove1      0x08003f4d   0x54  Code  Gb  os_core.o [1]
OS_PendObjDel           0x08003fa1   0xbe  Code  Gb  os_core.o [1]
OS_PendObjDel1          0x0800405f   0x28  Code  Gb  os_core.o [1]
OS_Post                 0x08004087   0xf2  Code  Gb  os_core.o [1]
OS_Post1                0x08004179   0x2e  Code  Gb  os_core.o [1]
OS_PrioGetHighest       0x080049db   0x26  Code  Gb  os_prio.o [1]
OS_PrioInit             0x080049c5   0x16  Code  Gb  os_prio.o [1]
OS_PrioInsert           0x08004a01   0x30  Code  Gb  os_prio.o [1]
OS_PrioRemove           0x08004a31   0x30  Code  Gb  os_prio.o [1]
OS_QDbgListAdd          0x0800585b   0x28  Code  Gb  os_q.o [1]
OS_QInit                0x08005883   0x12  Code  Gb  os_q.o [1]
OS_QPost                0x080058b1   0xce  Code  Gb  os_q.o [1]
OS_RdyListInit          0x080041a7   0x28  Code  Gb  os_core.o [1]
OS_RdyListInsert        0x080041cf   0x28  Code  Gb  os_core.o [1]
OS_RdyListInsertHead    0x080041f7   0x42  Code  Gb  os_core.o [1]
OS_RdyListInsertTail    0x08004239   0x40  Code  Gb  os_core.o [1]
OS_RdyListRemove        0x08004279   0x62  Code  Gb  os_core.o [1]
OS_SemClr               0x08003607   0x1e  Code  Gb  os_sem.o [1]
OS_SemDbgListAdd        0x08003625   0x28  Code  Gb  os_sem.o [1]
OS_SemDbgListRemove     0x0800364d   0x3a  Code  Gb  os_sem.o [1]
OS_SemInit              0x08003687   0x12  Code  Gb  os_sem.o [1]
OS_SemPool              0x20003b80   0x18  Data  Lc  serial_os.o [1]
OS_SemPost              0x080036bd   0xc6  Code  Gb  os_sem.o [1]
OS_StatTask             0x0800698d  0x2c2  Code  Gb  os_stat.o [1]
OS_StatTaskInit         0x08006c4f   0x92  Code  Gb  os_stat.o [1]
OS_TaskBlock            0x080042db   0x2a  Code  Gb  os_core.o [1]
OS_TaskChangePrio       0x080061c1   0xe8  Code  Gb  os_task.o [1]
OS_TaskDbgListAdd       0x08005d6f   0x34  Code  Gb  os_task.o [1]
OS_TaskInit             0x08005da3   0x1e  Code  Gb  os_task.o [1]
OS_TaskInitTCB          0x08005dc1  0x120  Code  Gb  os_task.o [1]
OS_TaskResume           0x08005ee1   0xe8  Code  Gb  os_task.o [1]
OS_TaskReturn           0x08005fc9   0x18  Code  Gb  os_task.o [1]
OS_TaskSemPost          0x08005fe1   0xec  Code  Gb  os_task.o [1]
OS_TaskSuspend          0x080060d1   0xe6  Code  Gb  os_task.o [1]
OS_TickListInsert       0x080063eb   0x90  Code  Gb  os_tick.o [1]
OS_TickListInsertDly    0x0800647b   0xbe  Code  Gb  os_tick.o [1]
OS_TickListRemove       0x08006539   0x74  Code  Gb  os_tick.o [1]
OS_TickListUpdateDly    0x080065ad   0x96  Code  Lc  os_tick.o [1]
OS_TickListUpdateTimeout
                        0x08006643  0x11a  Code  Lc  os_tick.o [1]
OS_TickTask             0x080062c9   0x60  Code  Gb  os_tick.o [1]
OS_TickTaskInit         0x08006329   0xc2  Code  Gb  os_tick.o [1]
OS_TmrInit              0x08006d55   0xd4  Code  Gb  os_tmr.o [1]
OS_TmrLock              0x08006f11   0x16  Code  Lc  os_tmr.o [1]
OS_TmrTask              0x08006e75   0x9c  Code  Gb  os_tmr.o [1]
OS_TmrUnlink            0x08006e29   0x48  Code  Gb  os_tmr.o [1]
OS_TmrUnlock            0x08006f27   0x10  Code  Lc  os_tmr.o [1]
Region$$Table$$Base     0x080094c4          --   Gb  - Linker created -
Region$$Table$$Limit    0x080094e8          --   Gb  - Linker created -
SerialBSP_STM32_USART4  0x080095a0   0x14  Data  Lc  serial_bsp_stm3240x.o [1]
SerialBSP_STM32_USART4_CfgGPIO
                        0x0800913b   0x4c  Code  Lc  serial_bsp_stm3240x.o [1]
SerialBSP_STM32_USART4_CfgInt
                        0x08009187   0x20  Code  Lc  serial_bsp_stm3240x.o [1]
SerialBSP_STM32_USART4_ClkDis
                        0x0800912b   0x10  Code  Lc  serial_bsp_stm3240x.o [1]
SerialBSP_STM32_USART4_ClkEn
                        0x08009115   0x16  Code  Lc  serial_bsp_stm3240x.o [1]
SerialBSP_STM32_USART4_ClkFreqGet
                        0x080091a7    0xe  Code  Lc  serial_bsp_stm3240x.o [1]
SerialBSP_STM32_USART4_IntHandler
                        0x080091b5   0x18  Code  Lc  serial_bsp_stm3240x.o [1]
SerialBuf_Clr           0x08003143    0xa  Code  Gb  serial_buf.o [1]
SerialBuf_Cmp           0x08003203   0x78  Code  Gb  serial_buf.o [1]
SerialBuf_DataLen       0x08003295    0xc  Code  Gb  serial_buf.o [1]
SerialBuf_Init          0x08003123   0x20  Code  Gb  serial_buf.o [1]
SerialBuf_IsFull        0x0800327b   0x12  Code  Gb  serial_buf.o [1]
SerialBuf_RdOctet       0x0800314d   0x5c  Code  Gb  serial_buf.o [1]
SerialBuf_Size          0x0800328d    0x8  Code  Gb  serial_buf.o [1]
SerialBuf_WrOctet       0x080031a9   0x5a  Code  Gb  serial_buf.o [1]
SerialDevCfg_STM32_UART4
                        0x20000000    0xc  Data  Gb  serial_bsp_stm3240x.o [1]
SerialDev_STM32_USART4_DevPtr
                        0x20003c78    0x4  Data  Lc  serial_bsp_stm3240x.o [1]
SerialDrv_Close         0x08008e69   0x36  Code  Lc  serial_drv_stm32.o [1]
SerialDrv_ISR_Handler   0x08008f4f   0x7c  Code  Lc  serial_drv_stm32.o [1]
SerialDrv_Init          0x08008cd1    0x6  Code  Lc  serial_drv_stm32.o [1]
SerialDrv_Open          0x08008cd7  0x192  Code  Lc  serial_drv_stm32.o [1]
SerialDrv_RxOctet       0x08008ed5   0x22  Code  Lc  serial_drv_stm32.o [1]
SerialDrv_RxStart       0x08008e9f   0x1a  Code  Lc  serial_drv_stm32.o [1]
SerialDrv_RxStop        0x08008eb9   0x1c  Code  Lc  serial_drv_stm32.o [1]
SerialDrv_STM32_API     0x08009454   0x28  Data  Gb  serial_drv_stm32.o [1]
SerialDrv_TxOctet       0x08008f2d   0x22  Code  Lc  serial_drv_stm32.o [1]
SerialDrv_TxStart       0x08008ef7   0x1a  Code  Lc  serial_drv_stm32.o [1]
SerialDrv_TxStop        0x08008f11   0x1c  Code  Lc  serial_drv_stm32.o [1]
SerialIF_NbrNext        0x20003ca4    0x1  Data  Lc  serial.o [1]
SerialIF_Rx             0x08002069  0x1ce  Code  Gb  serial.o [1]
SerialIF_Tx             0x08002237  0x102  Code  Gb  serial.o [1]
SerialIF_TxWrBuf        0x0800233d   0x50  Code  Gb  serial.o [1]
SerialLine_Close        0x0800924f    0xe  Code  Lc  serial_line_dflt.o [1]
SerialLine_Close        0x08009017   0x24  Code  Lc  serial_line_tty.o [1]
SerialLine_Dflt         0x080095f4   0x10  Data  Gb  serial_line_dflt.o [1]
SerialLine_Open         0x08009241    0xe  Code  Lc  serial_line_dflt.o [1]
SerialLine_Open         0x08008fcd   0x4a  Code  Lc  serial_line_tty.o [1]
SerialLine_RdOctet      0x0800925d   0x26  Code  Lc  serial_line_dflt.o [1]
SerialLine_RdOctet      0x08009041   0x6e  Code  Lc  serial_line_tty.o [1]
SerialLine_TTY          0x08009604   0x10  Data  Gb  serial_line_tty.o [1]
SerialLine_TTY_Info     0x20003c7c    0x4  Data  Lc  serial_line_tty.o [1]
SerialLine_WrOctet      0x08009283   0x28  Code  Lc  serial_line_dflt.o [1]
SerialLine_WrOctet      0x080090af   0x64  Code  Lc  serial_line_tty.o [1]
SerialOS_Init           0x08002751   0x3c  Code  Gb  serial_os.o [1]
SerialOS_SemCreate      0x0800278d   0x4a  Code  Gb  serial_os.o [1]
SerialOS_SemDel         0x080027d7   0x2a  Code  Gb  serial_os.o [1]
SerialOS_SemSignal      0x0800285d   0x20  Code  Gb  serial_os.o [1]
SerialOS_SemWait        0x08002801   0x54  Code  Gb  serial_os.o [1]
Serial_DevDrvAdd        0x08001ae7  0x244  Code  Gb  serial.o [1]
Serial_IF_Clr           0x08002399   0x2e  Code  Lc  serial.o [1]
Serial_IF_IsValid       0x08001d2b   0x4c  Code  Lc  serial.o [1]
Serial_IF_RdClr         0x080023c7   0x1e  Code  Lc  serial.o [1]
Serial_IF_RxReset       0x080023ff   0x18  Code  Lc  serial.o [1]
Serial_IF_RxStop        0x08002417   0x20  Code  Lc  serial.o [1]
Serial_IF_Tbl           0x200030f0  0x180  Data  Lc  serial.o [1]
Serial_IF_WrClr         0x080023e5   0x1a  Code  Lc  serial.o [1]
Serial_Init             0x08001a79   0x6e  Code  Gb  serial.o [1]
Serial_Open             0x08001e3b  0x144  Code  Gb  serial.o [1]
Serial_SetLineDrv       0x08001d77   0xc4  Code  Gb  serial.o [1]
Serial_Wr               0x08001f7f   0xea  Code  Gb  serial.o [1]
Serial_WrBufInsert      0x08002437   0x88  Code  Lc  serial.o [1]
Serial_WrBufRemove      0x080024bf   0x80  Code  Lc  serial.o [1]
Serial_WrBufTxStart     0x0800253f   0x54  Code  Lc  serial.o [1]
Serial_WrCallback       0x08002735   0x1c  Code  Lc  serial.o [1]
Serial_WrEnd            0x08002675   0xbe  Code  Lc  serial.o [1]
Serial_WrNext           0x080025eb   0x8a  Code  Lc  serial.o [1]
Serial_WrStart          0x08002593   0x58  Code  Lc  serial.o [1]
Str_Cmp                 0x0800303b   0x1a  Code  Gb  lib_str.o [1]
Str_Cmp_N               0x08003055   0xce  Code  Gb  lib_str.o [1]
Str_Copy_N              0x08002fe7   0x54  Code  Gb  lib_str.o [1]
Str_Len                 0x08002fb1   0x14  Code  Gb  lib_str.o [1]
Str_Len_N               0x08002fc5   0x22  Code  Gb  lib_str.o [1]
SystemCoreClock         0x2000000c    0x4  Data  Gb  system_stm32f4xx.o [1]
SystemInit              0x080091d5   0x4c  Code  Gb  system_stm32f4xx.o [1]
_GenldFullNoMb          0x08000cdd  0x262  Code  Lc  xprintffull_nomb.o [3]
_LdtobFullNoMb          0x080008f1  0x3e6  Code  Lc  xprintffull_nomb.o [3]
_LitobFullNoMb          0x080007e9  0x106  Code  Lc  xprintffull_nomb.o [3]
_PrintfFullNoMb         0x08000201  0x5e2  Code  Gb  xprintffull_nomb.o [3]
_PutcharsFullNoMb       0x08000f3f   0x2e  Code  Lc  xprintffull_nomb.o [3]
_SProut                 0x08001023    0xa  Code  Gb  xsprout.o [3]
__aeabi_cdcmple         0x0800122d         Code  Gb  DblCmpLe.o [4]
__aeabi_cdrcmple        0x0800125d         Code  Gb  DblCmpGe.o [4]
__aeabi_d2iz            0x080013a1         Code  Gb  DblToI32.o [4]
__aeabi_d2uiz           0x080013cd         Code  Gb  DblToI32.o [4]
__aeabi_ddiv            0x0800174d         Code  Gb  DblDiv.o [4]
__aeabi_dmul            0x080015a9         Code  Gb  DblMul.o [4]
__aeabi_dsub            0x08001429         Code  Gb  DblSub.o [4]
__aeabi_i2d             0x080013f9         Code  Gb  I32ToDbl.o [4]
__aeabi_ldiv0           0x080019a1         Code  Gb  I64DivZer.o [5]
__aeabi_ui2d            0x0800140d         Code  Gb  I32ToDbl.o [4]
__aeabi_uldivmod        0x08001085         Code  Gb  I64DivMod.o [5]
__cmain                 0x08009315         Code  Gb  cmain.o [5]
__exit                  0x08009369         Code  Gb  XXexit.o [5]
__iar_Dnorm             0x080011eb   0x42  Code  Gb  xdnorm.o [4]
__iar_Dscale            0x0800128d  0x114  Code  Gb  xdscale.o [4]
__iar_Memchr            0x0800102d         Code  Gb  memchr.o [5]
__iar_Strchr            0x08000fb5         Code  Gb  strchr.o [5]
__iar_copy_init3        0x08000f87   0x2e  Code  Gb  copy_init3.o [5]
__iar_d2uiz             0x080013d9         Code  Gb  DblToI32.o [4]
__iar_dadd              0x080019a5         Code  Gb  DblAdd.o [4]
__iar_data_init3        0x08009331   0x28  Code  Gb  data_init.o [5]
__iar_dsub              0x0800143d         Code  Gb  DblSub.o [4]
__iar_dsubStart         0x0800144f         Code  Gb  DblSub.o [4]
__iar_init_vfp          0x080092f9         Code  Gb  fpinit_M.o [4]
__iar_program_start     0x080092ed         Code  Gb  cstartup_M.o [5]
__iar_ui2d              0x08001411         Code  Gb  I32ToDbl.o [4]
__iar_unaligned___aeabi_memcpy
                        0x08001175         Code  Gb  ABImemcpy_unaligned.o [5]
__iar_unaligned___aeabi_memcpy4
                        0x08001195         Code  Gb  ABImemcpy_unaligned.o [5]
__iar_unaligned___aeabi_memcpy8
                        0x08001195         Code  Gb  ABImemcpy_unaligned.o [5]
__iar_zero_init3        0x08000fcb   0x22  Code  Gb  zero_init3.o [5]
__vector_table          0x08000000  0x188  Data  Gb  cstartup.o [1]
_call_main              0x08009321         Code  Gb  cmain.o [5]
_exit                   0x0800935d         Code  Gb  cexit.o [5]
_main                   0x0800932b         Code  Gb  cmain.o [5]
div                     0x08001993    0xe  Code  Gb  div.o [3]
exit                    0x08009359    0x4  Code  Gb  exit.o [3]
main                    0x08008771   0x66  Code  Gb  app.o [1]
memchr                  0x0800102d         Code  Gb  memchr.o [5]
strchr                  0x08000fb5         Code  Gb  strchr.o [5]
strlen                  0x08000fed         Code  Gb  strlen.o [5]
uwTick                  0x20003c80    0x4  Data  Lc  stm32f4xx_hal.o [1]
vsprintf                0x08008ca5   0x2c  Code  Gb  vsprintf.o [3]


[1] = F:\2017---工作项目资料\PatientCart\IarDemo-F4XG\IarDemo-F4XG\IarDemoF4XG-User\OS3\IAR\Release\Obj
[2] = command line
[3] = dl7M_tln.a
[4] = m7M_tlv.a
[5] = rt7M_tl.a

  37 202 bytes of readonly  code memory
   1 422 bytes of readonly  data memory
  16 037 bytes of readwrite data memory

Errors: none
Warnings: none
